Category: 🎵音乐频道, Name: 热门综艺, Total: 1, Valid: 1, Valid Percent: 100.00%, IPv4: 1, IPv6: 0, Min Delay: 616 ms, Max Speed: 0.12 M/s, Avg Speed: 0.12 M/s, Max Resolution: 1920x1080
Category: 🎵音乐频道, Name: 音乐现场, Total: 1, Valid: 1, Valid Percent: 100.00%, IPv4: 1, IPv6: 0, Min Delay: 595 ms, Max Speed: 0.12 M/s, Avg Speed: 0.12 M/s, Max Resolution: 1920x1080
Category: 🎵音乐频道, Name: 戏曲精选, Total: 1, Valid: 1, Valid Percent: 100.00%, IPv4: 1, IPv6: 0, Min Delay: 599 ms, Max Speed: 0.09 M/s, Avg Speed: 0.09 M/s, Max Resolution: 1920x1080
Category: 📡辽宁频道, Name: 辽宁卫视, Total: 34, Valid: 25, Valid Percent: 73.53%, IPv4: 34, IPv6: 0, Min Delay: 93 ms, Max Speed: 24.61 M/s, Avg Speed: 3.84 M/s, Max Resolution: 1920x1080
Category: 📡辽宁频道, Name: 辽宁体育休闲, Total: 3, Valid: 2, Valid Percent: 66.67%, IPv4: 3, IPv6: 0, Min Delay: 320 ms, Max Speed: 2.49 M/s, Avg Speed: 1.27 M/s, Max Resolution: 1920x1080
Category: 📡辽宁频道, Name: 辽宁都市, Total: 3, Valid: 3, Valid Percent: 100.00%, IPv4: 3, IPv6: 0, Min Delay: 407 ms, Max Speed: 5.73 M/s, Avg Speed: 1.96 M/s, Max Resolution: 1280x720
Category: 📡辽宁频道, Name: 辽宁影视剧, Total: 4, Valid: 3, Valid Percent: 75.00%, IPv4: 4, IPv6: 0, Min Delay: 380 ms, Max Speed: 4.02 M/s, Avg Speed: 1.38 M/s, Max Resolution: 1280x720
Category: 📡辽宁频道, Name: 辽宁经济, Total: 2, Valid: 2, Valid Percent: 100.00%, IPv4: 2, IPv6: 0, Min Delay: 10324 ms, Max Speed: 0.10 M/s, Avg Speed: 0.08 M/s, Max Resolution: None
Category: 📡辽宁频道, Name: 金普新闻综合, Total: 1, Valid: 0, Valid Percent: 0.00%, IPv4: 1, IPv6: 0, Min Delay: -1 ms, Max Speed: 0.00 M/s, Avg Speed: 0.00 M/s, Max Resolution: None
Category: 📡辽宁频道, Name: 金普生活服务, Total: 1, Valid: 0, Valid Percent: 0.00%, IPv4: 1, IPv6: 0, Min Delay: -1 ms, Max Speed: 0.00 M/s, Avg Speed: 0.00 M/s, Max Resolution: None
Category: 📡辽宁频道, Name: 辽宁公共, Total: 3, Valid: 2, Valid Percent: 66.67%, IPv4: 3, IPv6: 0, Min Delay: 10118 ms, Max Speed: 0.09 M/s, Avg Speed: 0.06 M/s, Max Resolution: None
Category: 📡辽宁频道, Name: 辽宁移动电视, Total: 1, Valid: 1, Valid Percent: 100.00%, IPv4: 1, IPv6: 0, Min Delay: 10210 ms, Max Speed: 0.12 M/s, Avg Speed: 0.12 M/s, Max Resolution: None
Category: 📡辽宁频道, Name: 辽宁北方, Total: 3, Valid: 3, Valid Percent: 100.00%, IPv4: 3, IPv6: 0, Min Delay: 409 ms, Max Speed: 5.70 M/s, Avg Speed: 1.95 M/s, Max Resolution: 1280x720
Category: 📡辽宁频道, Name: 辽宁生活, Total: 4, Valid: 3, Valid Percent: 75.00%, IPv4: 4, IPv6: 0, Min Delay: 561 ms, Max Speed: 1.49 M/s, Avg Speed: 0.55 M/s, Max Resolution: 1280x720
Category: 📡辽宁频道, Name: 辽宁教育青少, Total: 2, Valid: 2, Valid Percent: 100.00%, IPv4: 2, IPv6: 0, Min Delay: 10151 ms, Max Speed: 0.13 M/s, Avg Speed: 0.09 M/s, Max Resolution: None
Category: 📡辽宁频道, Name: 东方财经, Total: 14, Valid: 10, Valid Percent: 71.43%, IPv4: 14, IPv6: 0, Min Delay: 504 ms, Max Speed: 0.17 M/s, Avg Speed: 0.07 M/s, Max Resolution: 1920x1080
Category: 📡辽宁频道, Name: 华数精选, Total: 2, Valid: 2, Valid Percent: 100.00%, IPv4: 2, IPv6: 0, Min Delay: 506 ms, Max Speed: 0.24 M/s, Avg Speed: 0.12 M/s, Max Resolution: 1920x1080
Category: 📡辽宁频道, Name: 欢笑剧场4K, Total: 14, Valid: 5, Valid Percent: 35.71%, IPv4: 14, IPv6: 0, Min Delay: 497 ms, Max Speed: 0.60 M/s, Avg Speed: 0.25 M/s, Max Resolution: 3840x2160
Category: 📡辽宁频道, Name: 中国天气, Total: 9, Valid: 3, Valid Percent: 33.33%, IPv4: 9, IPv6: 0, Min Delay: 517 ms, Max Speed: 0.29 M/s, Avg Speed: 0.16 M/s, Max Resolution: 1920x1080
Category: 📡辽宁频道, Name: 文物宝库, Total: 2, Valid: 0, Valid Percent: 0.00%, IPv4: 2, IPv6: 0, Min Delay: -1 ms, Max Speed: 0.00 M/s, Avg Speed: 0.00 M/s, Max Resolution: None
Category: 📡辽宁频道, Name: 财富天下, Total: 8, Valid: 2, Valid Percent: 25.00%, IPv4: 8, IPv6: 0, Min Delay: 508 ms, Max Speed: 0.23 M/s, Avg Speed: 0.14 M/s, Max Resolution: 1920x1080
Category: 📡辽宁频道, Name: 国学频道, Total: 1, Valid: 0, Valid Percent: 0.00%, IPv4: 1, IPv6: 0, Min Delay: -1 ms, Max Speed: 0.00 M/s, Avg Speed: 0.00 M/s, Max Resolution: None
Category: 📡辽宁频道, Name: 都市剧场, Total: 9, Valid: 5, Valid Percent: 55.56%, IPv4: 9, IPv6: 0, Min Delay: 530 ms, Max Speed: 0.37 M/s, Avg Speed: 0.14 M/s, Max Resolution: 1920x1080
Category: 📡辽宁频道, Name: 中华特产, Total: 1, Valid: 0, Valid Percent: 0.00%, IPv4: 1, IPv6: 0, Min Delay: -1 ms, Max Speed: 0.00 M/s, Avg Speed: 0.00 M/s, Max Resolution: None
Category: 📡辽宁频道, Name: 书画频道, Total: 1, Valid: 0, Valid Percent: 0.00%, IPv4: 1, IPv6: 0, Min Delay: -1 ms, Max Speed: 0.00 M/s, Avg Speed: 0.00 M/s, Max Resolution: None
Category: 📡辽宁频道, Name: 梨园频道, Total: 6, Valid: 2, Valid Percent: 33.33%, IPv4: 6, IPv6: 0, Min Delay: 509 ms, Max Speed: 0.29 M/s, Avg Speed: 0.15 M/s, Max Resolution: 1920x1080
Category: 📡辽宁频道, Name: 武术世界, Total: 7, Valid: 2, Valid Percent: 28.57%, IPv4: 7, IPv6: 0, Min Delay: 497 ms, Max Speed: 0.05 M/s, Avg Speed: 0.04 M/s, Max Resolution: 1920x1080
Category: 📡辽宁频道, Name: 生活时尚, Total: 12, Valid: 9, Valid Percent: 75.00%, IPv4: 12, IPv6: 0, Min Delay: 527 ms, Max Speed: 0.24 M/s, Avg Speed: 0.04 M/s, Max Resolution: 1920x1080
Category: 📡辽宁频道, Name: 游戏风云, Total: 10, Valid: 7, Valid Percent: 70.00%, IPv4: 10, IPv6: 0, Min Delay: 486 ms, Max Speed: 0.21 M/s, Avg Speed: 0.05 M/s, Max Resolution: 1920x1080
Category: 📡辽宁频道, Name: 金色学堂, Total: 6, Valid: 3, Valid Percent: 50.00%, IPv4: 6, IPv6: 0, Min Delay: 480 ms, Max Speed: 0.18 M/s, Avg Speed: 0.08 M/s, Max Resolution: 0x0
Category: 📡辽宁频道, Name: 法治天地, Total: 7, Valid: 2, Valid Percent: 28.57%, IPv4: 7, IPv6: 0, Min Delay: 537 ms, Max Speed: 0.06 M/s, Avg Speed: 0.03 M/s, Max Resolution: None
Category: 📡辽宁频道, Name: 谍战剧场, Total: 1, Valid: 0, Valid Percent: 0.00%, IPv4: 1, IPv6: 0, Min Delay: 535 ms, Max Speed: 0.00 M/s, Avg Speed: 0.00 M/s, Max Resolution: None
Category: 📡辽宁频道, Name: 求索记录, Total: 1, Valid: 0, Valid Percent: 0.00%, IPv4: 1, IPv6: 0, Min Delay: 552 ms, Max Speed: 0.00 M/s, Avg Speed: 0.00 M/s, Max Resolution: 1920x1080
Category: 📡辽宁频道, Name: 魅力时尚, Total: 1, Valid: 1, Valid Percent: 100.00%, IPv4: 1, IPv6: 0, Min Delay: 556 ms, Max Speed: 0.07 M/s, Avg Speed: 0.07 M/s, Max Resolution: 1920x1080
Category: 📡辽宁频道, Name: 乐游, Total: 5, Valid: 3, Valid Percent: 60.00%, IPv4: 5, IPv6: 0, Min Delay: 542 ms, Max Speed: 0.04 M/s, Avg Speed: 0.02 M/s, Max Resolution: 0x0
Category: 📡辽宁频道, Name: 四海钓鱼, Total: 4, Valid: 1, Valid Percent: 25.00%, IPv4: 4, IPv6: 0, Min Delay: 543 ms, Max Speed: 0.30 M/s, Avg Speed: 0.30 M/s, Max Resolution: 1920x1080
Category: 📡辽宁频道, Name: 快乐垂钓, Total: 10, Valid: 3, Valid Percent: 30.00%, IPv4: 10, IPv6: 0, Min Delay: 515 ms, Max Speed: 0.79 M/s, Avg Speed: 0.32 M/s, Max Resolution: 1920x1080
Category: 📡辽宁频道, Name: 新动漫, Total: 4, Valid: 3, Valid Percent: 75.00%, IPv4: 4, IPv6: 0, Min Delay: 544 ms, Max Speed: 0.07 M/s, Avg Speed: 0.03 M/s, Max Resolution: 720x576
Category: 📡辽宁频道, Name: 精彩导视, Total: 1, Valid: 1, Valid Percent: 100.00%, IPv4: 1, IPv6: 0, Min Delay: 546 ms, Max Speed: 0.28 M/s, Avg Speed: 0.28 M/s, Max Resolution: 1920x1080
Category: 📡辽宁频道, Name: IPTV足球, Total: 2, Valid: 1, Valid Percent: 50.00%, IPv4: 2, IPv6: 0, Min Delay: 511 ms, Max Speed: 0.21 M/s, Avg Speed: 0.21 M/s, Max Resolution: 1920x1080
Category: 📡辽宁频道, Name: 动漫秀场, Total: 9, Valid: 3, Valid Percent: 33.33%, IPv4: 9, IPv6: 0, Min Delay: 480 ms, Max Speed: 0.32 M/s, Avg Speed: 0.19 M/s, Max Resolution: 1920x1080
Category: 📡辽宁频道, Name: 金鹰纪实, Total: 21, Valid: 9, Valid Percent: 42.86%, IPv4: 21, IPv6: 0, Min Delay: 523 ms, Max Speed: 0.39 M/s, Avg Speed: 0.22 M/s, Max Resolution: 1920x1080
Category: 📡辽宁频道, Name: 金鹰卡通, Total: 26, Valid: 14, Valid Percent: 53.85%, IPv4: 26, IPv6: 0, Min Delay: 486 ms, Max Speed: 0.38 M/s, Avg Speed: 0.18 M/s, Max Resolution: 1920x1080
Category: 📡辽宁频道, Name: 北京卡酷少儿, Total: 16, Valid: 11, Valid Percent: 68.75%, IPv4: 16, IPv6: 0, Min Delay: 491 ms, Max Speed: 3.03 M/s, Avg Speed: 0.57 M/s, Max Resolution: 1920x1080
Category: 📡辽宁频道, Name: 经典动画大集合, Total: 1, Valid: 0, Valid Percent: 0.00%, IPv4: 1, IPv6: 0, Min Delay: -1 ms, Max Speed: 0.00 M/s, Avg Speed: 0.00 M/s, Max Resolution: None
Category: 📡辽宁频道, Name: 嘉佳卡通, Total: 13, Valid: 8, Valid Percent: 61.54%, IPv4: 13, IPv6: 0, Min Delay: 482 ms, Max Speed: 0.45 M/s, Avg Speed: 0.16 M/s, Max Resolution: 1920x1080
Category: 📡辽宁频道, Name: 聚鲨环球精选, Total: 2, Valid: 0, Valid Percent: 0.00%, IPv4: 2, IPv6: 0, Min Delay: -1 ms, Max Speed: 0.00 M/s, Avg Speed: 0.00 M/s, Max Resolution: None
Category: 📡辽宁频道, Name: 优漫卡通, Total: 9, Valid: 6, Valid Percent: 66.67%, IPv4: 9, IPv6: 0, Min Delay: 469 ms, Max Speed: 0.25 M/s, Avg Speed: 0.07 M/s, Max Resolution: 1920x1080
Category: 📡辽宁频道, Name: 少儿动画, Total: 1, Valid: 1, Valid Percent: 100.00%, IPv4: 1, IPv6: 0, Min Delay: 606 ms, Max Speed: 0.04 M/s, Avg Speed: 0.04 M/s, Max Resolution: 1920x1080
Category: 📡辽宁频道, Name: 宝宝动画, Total: 3, Valid: 3, Valid Percent: 100.00%, IPv4: 3, IPv6: 0, Min Delay: 537 ms, Max Speed: 0.34 M/s, Avg Speed: 0.28 M/s, Max Resolution: 1920x1080
Category: 📡辽宁频道, Name: 青春动漫, Total: 1, Valid: 0, Valid Percent: 0.00%, IPv4: 1, IPv6: 0, Min Delay: 540 ms, Max Speed: 0.00 M/s, Avg Speed: 0.00 M/s, Max Resolution: None
Category: 📡辽宁频道, Name: 少儿天地, Total: 1, Valid: 1, Valid Percent: 100.00%, IPv4: 1, IPv6: 0, Min Delay: 537 ms, Max Speed: 0.16 M/s, Avg Speed: 0.16 M/s, Max Resolution: 1920x1080
Category: ☘️央视频道, Name: CCTV-1, Total: 88, Valid: 60, Valid Percent: 68.18%, IPv4: 88, IPv6: 0, Min Delay: 95 ms, Max Speed: 21.91 M/s, Avg Speed: 2.34 M/s, Max Resolution: 1920x1080
Category: ☘️央视频道, Name: CCTV-2, Total: 50, Valid: 39, Valid Percent: 78.00%, IPv4: 50, IPv6: 0, Min Delay: 76 ms, Max Speed: 18.99 M/s, Avg Speed: 3.12 M/s, Max Resolution: 1920x1080
Category: ☘️央视频道, Name: CCTV-3, Total: 58, Valid: 45, Valid Percent: 77.59%, IPv4: 58, IPv6: 0, Min Delay: 96 ms, Max Speed: 23.70 M/s, Avg Speed: 3.25 M/s, Max Resolution: 1920x1080
Category: ☘️央视频道, Name: CCTV-4, Total: 63, Valid: 49, Valid Percent: 77.78%, IPv4: 63, IPv6: 0, Min Delay: 103 ms, Max Speed: 24.23 M/s, Avg Speed: 4.59 M/s, Max Resolution: 1920x1080
Category: ☘️央视频道, Name: CCTV-4美洲, Total: 8, Valid: 5, Valid Percent: 62.50%, IPv4: 8, IPv6: 0, Min Delay: 492 ms, Max Speed: 0.65 M/s, Avg Speed: 0.24 M/s, Max Resolution: 1920x1080
Category: ☘️央视频道, Name: CCTV-4欧洲, Total: 8, Valid: 5, Valid Percent: 62.50%, IPv4: 8, IPv6: 0, Min Delay: 500 ms, Max Speed: 0.68 M/s, Avg Speed: 0.25 M/s, Max Resolution: 1920x1080
Category: ☘️央视频道, Name: CCTV-5, Total: 69, Valid: 52, Valid Percent: 75.36%, IPv4: 69, IPv6: 0, Min Delay: 77 ms, Max Speed: 21.14 M/s, Avg Speed: 2.59 M/s, Max Resolution: 1920x1080
Category: ☘️央视频道, Name: CCTV-5+, Total: 52, Valid: 38, Valid Percent: 73.08%, IPv4: 52, IPv6: 0, Min Delay: 110 ms, Max Speed: 20.01 M/s, Avg Speed: 2.88 M/s, Max Resolution: 1920x1080
Category: ☘️央视频道, Name: CCTV-6, Total: 57, Valid: 44, Valid Percent: 77.19%, IPv4: 57, IPv6: 0, Min Delay: 110 ms, Max Speed: 21.80 M/s, Avg Speed: 3.58 M/s, Max Resolution: 1920x1080
Category: ☘️央视频道, Name: CCTV-7, Total: 52, Valid: 43, Valid Percent: 82.69%, IPv4: 52, IPv6: 0, Min Delay: 80 ms, Max Speed: 26.23 M/s, Avg Speed: 3.65 M/s, Max Resolution: 1920x1080
Category: ☘️央视频道, Name: CCTV-8, Total: 60, Valid: 46, Valid Percent: 76.67%, IPv4: 60, IPv6: 0, Min Delay: 78 ms, Max Speed: 24.63 M/s, Avg Speed: 3.32 M/s, Max Resolution: 1920x1080
Category: ☘️央视频道, Name: CCTV-9, Total: 53, Valid: 43, Valid Percent: 81.13%, IPv4: 53, IPv6: 0, Min Delay: 78 ms, Max Speed: 21.71 M/s, Avg Speed: 3.40 M/s, Max Resolution: 1920x1080
Category: ☘️央视频道, Name: CCTV-10, Total: 57, Valid: 47, Valid Percent: 82.46%, IPv4: 57, IPv6: 0, Min Delay: 97 ms, Max Speed: 21.64 M/s, Avg Speed: 2.85 M/s, Max Resolution: 1920x1080
Category: ☘️央视频道, Name: CCTV-11, Total: 50, Valid: 40, Valid Percent: 80.00%, IPv4: 50, IPv6: 0, Min Delay: 94 ms, Max Speed: 23.72 M/s, Avg Speed: 3.80 M/s, Max Resolution: 1920x1080
Category: ☘️央视频道, Name: CCTV-12, Total: 54, Valid: 44, Valid Percent: 81.48%, IPv4: 54, IPv6: 0, Min Delay: 95 ms, Max Speed: 23.12 M/s, Avg Speed: 3.09 M/s, Max Resolution: 1920x1080
Category: ☘️央视频道, Name: CCTV-13, Total: 63, Valid: 50, Valid Percent: 79.37%, IPv4: 63, IPv6: 0, Min Delay: 44 ms, Max Speed: 16.89 M/s, Avg Speed: 2.44 M/s, Max Resolution: 1920x1080
Category: ☘️央视频道, Name: CCTV-14, Total: 54, Valid: 42, Valid Percent: 77.78%, IPv4: 54, IPv6: 0, Min Delay: 74 ms, Max Speed: 26.28 M/s, Avg Speed: 3.75 M/s, Max Resolution: 1920x1080
Category: ☘️央视频道, Name: CCTV-15, Total: 47, Valid: 36, Valid Percent: 76.60%, IPv4: 47, IPv6: 0, Min Delay: 88 ms, Max Speed: 24.82 M/s, Avg Speed: 4.13 M/s, Max Resolution: 1920x1080
Category: ☘️央视频道, Name: CCTV-16, Total: 56, Valid: 41, Valid Percent: 73.21%, IPv4: 56, IPv6: 0, Min Delay: 102 ms, Max Speed: 21.76 M/s, Avg Speed: 3.62 M/s, Max Resolution: 3840x2160
Category: ☘️央视频道, Name: CCTV-17, Total: 55, Valid: 45, Valid Percent: 81.82%, IPv4: 55, IPv6: 0, Min Delay: 66 ms, Max Speed: 22.22 M/s, Avg Speed: 3.08 M/s, Max Resolution: 1920x1080
Category: ☘️央视频道, Name: CCTV-8K, Total: 3, Valid: 3, Valid Percent: 100.00%, IPv4: 3, IPv6: 0, Min Delay: 535 ms, Max Speed: 9.44 M/s, Avg Speed: 4.22 M/s, Max Resolution: 1920x1080
Category: ☘️央视频道, Name: CCTV-4K, Total: 24, Valid: 15, Valid Percent: 62.50%, IPv4: 24, IPv6: 0, Min Delay: 478 ms, Max Speed: 6.89 M/s, Avg Speed: 1.02 M/s, Max Resolution: 3840x2160
Category: ☘️央视频道, Name: CCTV-16K, Total: 2, Valid: 0, Valid Percent: 0.00%, IPv4: 2, IPv6: 0, Min Delay: -1 ms, Max Speed: 0.00 M/s, Avg Speed: 0.00 M/s, Max Resolution: None
Category: ☘️央视频道, Name: CETV-1, Total: 27, Valid: 19, Valid Percent: 70.37%, IPv4: 27, IPv6: 0, Min Delay: 82 ms, Max Speed: 18.66 M/s, Avg Speed: 1.20 M/s, Max Resolution: 1920x1080
Category: ☘️央视频道, Name: CETV-2, Total: 10, Valid: 9, Valid Percent: 90.00%, IPv4: 10, IPv6: 0, Min Delay: 479 ms, Max Speed: 0.24 M/s, Avg Speed: 0.11 M/s, Max Resolution: 1920x1080
Category: ☘️央视频道, Name: CETV-3, Total: 3, Valid: 3, Valid Percent: 100.00%, IPv4: 3, IPv6: 0, Min Delay: 420 ms, Max Speed: 6.27 M/s, Avg Speed: 2.18 M/s, Max Resolution: 720x576
Category: ☘️央视频道, Name: CETV-4, Total: 27, Valid: 19, Valid Percent: 70.37%, IPv4: 27, IPv6: 0, Min Delay: 130 ms, Max Speed: 17.87 M/s, Avg Speed: 1.09 M/s, Max Resolution: 1920x1080
Category: ☘️央视频道, Name: CGTN, Total: 13, Valid: 6, Valid Percent: 46.15%, IPv4: 13, IPv6: 0, Min Delay: 479 ms, Max Speed: 0.24 M/s, Avg Speed: 0.09 M/s, Max Resolution: 1920x1080
Category: ☘️央视频道, Name: CGTN阿拉伯语, Total: 10, Valid: 5, Valid Percent: 50.00%, IPv4: 10, IPv6: 0, Min Delay: 487 ms, Max Speed: 0.45 M/s, Avg Speed: 0.20 M/s, Max Resolution: 1920x1080
Category: ☘️央视频道, Name: CGTN西班牙语, Total: 10, Valid: 5, Valid Percent: 50.00%, IPv4: 10, IPv6: 0, Min Delay: 493 ms, Max Speed: 0.42 M/s, Avg Speed: 0.19 M/s, Max Resolution: 1920x1080
Category: ☘️央视付费频道, Name: 风云音乐, Total: 15, Valid: 13, Valid Percent: 86.67%, IPv4: 15, IPv6: 0, Min Delay: 476 ms, Max Speed: 8.48 M/s, Avg Speed: 1.47 M/s, Max Resolution: 1920x1080
Category: ☘️央视付费频道, Name: 风云剧场, Total: 15, Valid: 11, Valid Percent: 73.33%, IPv4: 15, IPv6: 0, Min Delay: 480 ms, Max Speed: 1.42 M/s, Avg Speed: 0.29 M/s, Max Resolution: 1920x1080
Category: ☘️央视付费频道, Name: 风云足球, Total: 16, Valid: 12, Valid Percent: 75.00%, IPv4: 16, IPv6: 0, Min Delay: 487 ms, Max Speed: 9.19 M/s, Avg Speed: 1.70 M/s, Max Resolution: 1920x1080
Category: ☘️央视付费频道, Name: 央视文化精品, Total: 15, Valid: 12, Valid Percent: 80.00%, IPv4: 15, IPv6: 0, Min Delay: 491 ms, Max Speed: 0.50 M/s, Avg Speed: 0.21 M/s, Max Resolution: 1920x1080
Category: ☘️央视付费频道, Name: 央视台球, Total: 15, Valid: 11, Valid Percent: 73.33%, IPv4: 15, IPv6: 0, Min Delay: 486 ms, Max Speed: 2.39 M/s, Avg Speed: 0.55 M/s, Max Resolution: 1920x1080
Category: ☘️央视付费频道, Name: 第一剧场, Total: 15, Valid: 11, Valid Percent: 73.33%, IPv4: 15, IPv6: 0, Min Delay: 493 ms, Max Speed: 0.66 M/s, Avg Speed: 0.21 M/s, Max Resolution: 1920x1080
Category: ☘️央视付费频道, Name: 怀旧剧场, Total: 15, Valid: 11, Valid Percent: 73.33%, IPv4: 15, IPv6: 0, Min Delay: 476 ms, Max Speed: 0.56 M/s, Avg Speed: 0.19 M/s, Max Resolution: 1920x1080
Category: ☘️央视付费频道, Name: 女性时尚, Total: 15, Valid: 11, Valid Percent: 73.33%, IPv4: 15, IPv6: 0, Min Delay: 476 ms, Max Speed: 5.63 M/s, Avg Speed: 1.02 M/s, Max Resolution: 1920x1080
Category: ☘️央视付费频道, Name: 电视指南, Total: 4, Valid: 4, Valid Percent: 100.00%, IPv4: 4, IPv6: 0, Min Delay: 507 ms, Max Speed: 8.76 M/s, Avg Speed: 4.27 M/s, Max Resolution: 1920x1080
Category: ☘️央视付费频道, Name: 高尔夫网球, Total: 13, Valid: 9, Valid Percent: 69.23%, IPv4: 13, IPv6: 0, Min Delay: 458 ms, Max Speed: 8.57 M/s, Avg Speed: 1.17 M/s, Max Resolution: 1920x1080
Category: ☘️央视付费频道, Name: 世界地理, Total: 15, Valid: 11, Valid Percent: 73.33%, IPv4: 15, IPv6: 0, Min Delay: 461 ms, Max Speed: 9.40 M/s, Avg Speed: 1.64 M/s, Max Resolution: 1920x1080
Category: ☘️央视付费频道, Name: 卫生健康, Total: 4, Valid: 4, Valid Percent: 100.00%, IPv4: 4, IPv6: 0, Min Delay: 548 ms, Max Speed: 7.97 M/s, Avg Speed: 5.56 M/s, Max Resolution: 1920x1080
Category: ☘️央视付费频道, Name: 发现之旅, Total: 4, Valid: 2, Valid Percent: 50.00%, IPv4: 4, IPv6: 0, Min Delay: 420 ms, Max Speed: 6.16 M/s, Avg Speed: 5.69 M/s, Max Resolution: 720x576
Category: ☘️央视付费频道, Name: 兵器科技, Total: 13, Valid: 8, Valid Percent: 61.54%, IPv4: 13, IPv6: 0, Min Delay: 485 ms, Max Speed: 0.37 M/s, Avg Speed: 0.12 M/s, Max Resolution: 1920x1080
Category: ☘️央视付费频道, Name: 老故事, Total: 10, Valid: 4, Valid Percent: 40.00%, IPv4: 10, IPv6: 0, Min Delay: 79 ms, Max Speed: 20.07 M/s, Avg Speed: 7.22 M/s, Max Resolution: 1920x1080
Category: ☘️央视付费频道, Name: 中学生, Total: 2, Valid: 0, Valid Percent: 0.00%, IPv4: 2, IPv6: 0, Min Delay: -1 ms, Max Speed: 0.00 M/s, Avg Speed: 0.00 M/s, Max Resolution: None
Category: ☘️央视付费频道, Name: 环球旅游, Total: 3, Valid: 2, Valid Percent: 66.67%, IPv4: 3, IPv6: 0, Min Delay: 83 ms, Max Speed: 22.57 M/s, Avg Speed: 11.30 M/s, Max Resolution: 1920x1080
Category: ☘️央视付费频道, Name: 中国交通, Total: 11, Valid: 7, Valid Percent: 63.64%, IPv4: 11, IPv6: 0, Min Delay: 498 ms, Max Speed: 0.84 M/s, Avg Speed: 0.23 M/s, Max Resolution: 1920x1080
Category: ☘️卫视频道, Name: 湖南卫视4K, Total: 29, Valid: 25, Valid Percent: 86.21%, IPv4: 29, IPv6: 0, Min Delay: 17 ms, Max Speed: 63.98 M/s, Avg Speed: 8.97 M/s, Max Resolution: 3840x2160
Category: ☘️卫视频道, Name: 浙江卫视4K, Total: 26, Valid: 22, Valid Percent: 84.62%, IPv4: 26, IPv6: 0, Min Delay: 73 ms, Max Speed: 20.35 M/s, Avg Speed: 5.54 M/s, Max Resolution: 3840x2160
Category: ☘️卫视频道, Name: 东方卫视(看东方)4k, Total: 11, Valid: 10, Valid Percent: 90.91%, IPv4: 11, IPv6: 0, Min Delay: 79 ms, Max Speed: 21.31 M/s, Avg Speed: 13.16 M/s, Max Resolution: 1920x1080
Category: ☘️卫视频道, Name: 江苏卫视4K, Total: 27, Valid: 24, Valid Percent: 88.89%, IPv4: 27, IPv6: 0, Min Delay: 97 ms, Max Speed: 22.64 M/s, Avg Speed: 5.15 M/s, Max Resolution: 3840x2160
Category: ☘️卫视频道, Name: 四川卫视4K, Total: 23, Valid: 19, Valid Percent: 82.61%, IPv4: 23, IPv6: 0, Min Delay: 80 ms, Max Speed: 22.29 M/s, Avg Speed: 5.28 M/s, Max Resolution: 3840x2160
Category: ☘️卫视频道, Name: 深圳卫视4K, Total: 28, Valid: 23, Valid Percent: 82.14%, IPv4: 28, IPv6: 0, Min Delay: 88 ms, Max Speed: 23.97 M/s, Avg Speed: 6.04 M/s, Max Resolution: 3840x2160
Category: ☘️卫视频道, Name: 南国都市4K, Total: 3, Valid: 2, Valid Percent: 66.67%, IPv4: 3, IPv6: 0, Min Delay: 486 ms, Max Speed: 0.67 M/s, Avg Speed: 0.35 M/s, Max Resolution: 1920x1080
Category: ☘️卫视频道, Name: 苏州4K, Total: 1, Valid: 1, Valid Percent: 100.00%, IPv4: 1, IPv6: 0, Min Delay: 2707 ms, Max Speed: 0.50 M/s, Avg Speed: 0.50 M/s, Max Resolution: None
Category: ☘️卫视频道, Name: 广东卫视4K, Total: 30, Valid: 25, Valid Percent: 83.33%, IPv4: 30, IPv6: 0, Min Delay: 103 ms, Max Speed: 22.86 M/s, Avg Speed: 6.27 M/s, Max Resolution: 3840x2160
Category: ☘️卫视频道, Name: 峨眉电影4k, Total: 4, Valid: 4, Valid Percent: 100.00%, IPv4: 4, IPv6: 0, Min Delay: 549 ms, Max Speed: 0.47 M/s, Avg Speed: 0.18 M/s, Max Resolution: 576x320
Category: ☘️卫视频道, Name: 爱上4K, Total: 5, Valid: 4, Valid Percent: 80.00%, IPv4: 5, IPv6: 0, Min Delay: 532 ms, Max Speed: 0.70 M/s, Avg Speed: 0.49 M/s, Max Resolution: 3840x2160
Category: ☘️卫视频道, Name: 4K乐享超清, Total: 3, Valid: 2, Valid Percent: 66.67%, IPv4: 3, IPv6: 0, Min Delay: 530 ms, Max Speed: 0.37 M/s, Avg Speed: 0.28 M/s, Max Resolution: 3840x2160
Category: ☘️卫视频道, Name: 4K少儿, Total: 3, Valid: 3, Valid Percent: 100.00%, IPv4: 3, IPv6: 0, Min Delay: 530 ms, Max Speed: 0.50 M/s, Avg Speed: 0.25 M/s, Max Resolution: 3840x2160
Category: ☘️卫视频道, Name: 4K纪实, Total: 3, Valid: 3, Valid Percent: 100.00%, IPv4: 3, IPv6: 0, Min Delay: 558 ms, Max Speed: 0.44 M/s, Avg Speed: 0.32 M/s, Max Resolution: 3840x2160
Category: ☘️卫视频道, Name: 4K视界, Total: 3, Valid: 3, Valid Percent: 100.00%, IPv4: 3, IPv6: 0, Min Delay: 538 ms, Max Speed: 0.37 M/s, Avg Speed: 0.32 M/s, Max Resolution: 3840x2160
Category: ☘️卫视频道, Name: 亲子趣学4k, Total: 3, Valid: 2, Valid Percent: 66.67%, IPv4: 3, IPv6: 0, Min Delay: 540 ms, Max Speed: 0.70 M/s, Avg Speed: 0.66 M/s, Max Resolution: 3840x2160
Category: ☘️卫视频道, Name: 天翼高清4K, Total: 8, Valid: 3, Valid Percent: 37.50%, IPv4: 8, IPv6: 0, Min Delay: 503 ms, Max Speed: 0.13 M/s, Avg Speed: 0.09 M/s, Max Resolution: 528x576
Category: ☘️卫视频道, Name: 绚影4K, Total: 3, Valid: 3, Valid Percent: 100.00%, IPv4: 3, IPv6: 0, Min Delay: 553 ms, Max Speed: 0.12 M/s, Avg Speed: 0.09 M/s, Max Resolution: 3840x2160
Category: ☘️卫视频道, Name: 吉林卫视, Total: 33, Valid: 26, Valid Percent: 78.79%, IPv4: 33, IPv6: 0, Min Delay: 79 ms, Max Speed: 24.28 M/s, Avg Speed: 4.90 M/s, Max Resolution: 1920x1080
Category: ☘️卫视频道, Name: 黑龙江卫视, Total: 35, Valid: 28, Valid Percent: 80.00%, IPv4: 35, IPv6: 0, Min Delay: 75 ms, Max Speed: 23.08 M/s, Avg Speed: 5.23 M/s, Max Resolution: 1920x1080
Category: ☘️卫视频道, Name: 北京卫视, Total: 33, Valid: 26, Valid Percent: 78.79%, IPv4: 33, IPv6: 0, Min Delay: 75 ms, Max Speed: 22.75 M/s, Avg Speed: 4.91 M/s, Max Resolution: 1920x1080
Category: ☘️卫视频道, Name: 江苏卫视, Total: 27, Valid: 21, Valid Percent: 77.78%, IPv4: 27, IPv6: 0, Min Delay: 92 ms, Max Speed: 21.65 M/s, Avg Speed: 1.18 M/s, Max Resolution: 1920x1080
Category: ☘️卫视频道, Name: 湖南卫视, Total: 28, Valid: 20, Valid Percent: 71.43%, IPv4: 28, IPv6: 0, Min Delay: 480 ms, Max Speed: 0.57 M/s, Avg Speed: 0.16 M/s, Max Resolution: 1920x1080
Category: ☘️卫视频道, Name: 湖北卫视, Total: 36, Valid: 30, Valid Percent: 83.33%, IPv4: 36, IPv6: 0, Min Delay: 110 ms, Max Speed: 23.23 M/s, Avg Speed: 4.83 M/s, Max Resolution: 1920x1080
Category: ☘️卫视频道, Name: 安多卫视, Total: 4, Valid: 3, Valid Percent: 75.00%, IPv4: 4, IPv6: 0, Min Delay: 85 ms, Max Speed: 19.55 M/s, Avg Speed: 6.52 M/s, Max Resolution: 1920x1080
Category: ☘️卫视频道, Name: 浙江卫视, Total: 23, Valid: 19, Valid Percent: 82.61%, IPv4: 23, IPv6: 0, Min Delay: 476 ms, Max Speed: 0.77 M/s, Avg Speed: 0.21 M/s, Max Resolution: 1920x1080
Category: ☘️卫视频道, Name: 安徽卫视, Total: 32, Valid: 27, Valid Percent: 84.38%, IPv4: 32, IPv6: 0, Min Delay: 93 ms, Max Speed: 22.57 M/s, Avg Speed: 4.05 M/s, Max Resolution: 1920x1080
Category: ☘️卫视频道, Name: 兵团卫视, Total: 18, Valid: 12, Valid Percent: 66.67%, IPv4: 18, IPv6: 0, Min Delay: 107 ms, Max Speed: 21.42 M/s, Avg Speed: 8.73 M/s, Max Resolution: 1920x1080
Category: ☘️卫视频道, Name: 东方卫视, Total: 24, Valid: 19, Valid Percent: 79.17%, IPv4: 24, IPv6: 0, Min Delay: 478 ms, Max Speed: 0.72 M/s, Avg Speed: 0.24 M/s, Max Resolution: 1920x1080
Category: ☘️卫视频道, Name: 东南卫视, Total: 32, Valid: 26, Valid Percent: 81.25%, IPv4: 32, IPv6: 0, Min Delay: 61 ms, Max Speed: 17.73 M/s, Avg Speed: 3.10 M/s, Max Resolution: 1920x1080
Category: ☘️卫视频道, Name: 甘肃卫视, Total: 27, Valid: 20, Valid Percent: 74.07%, IPv4: 27, IPv6: 0, Min Delay: 87 ms, Max Speed: 20.83 M/s, Avg Speed: 3.58 M/s, Max Resolution: 1920x1080
Category: ☘️卫视频道, Name: 广东卫视, Total: 28, Valid: 21, Valid Percent: 75.00%, IPv4: 28, IPv6: 0, Min Delay: 483 ms, Max Speed: 0.62 M/s, Avg Speed: 0.19 M/s, Max Resolution: 1920x1080
Category: ☘️卫视频道, Name: 广西卫视, Total: 30, Valid: 26, Valid Percent: 86.67%, IPv4: 30, IPv6: 0, Min Delay: 81 ms, Max Speed: 22.50 M/s, Avg Speed: 4.36 M/s, Max Resolution: 1920x1080
Category: ☘️卫视频道, Name: 贵州卫视, Total: 32, Valid: 27, Valid Percent: 84.38%, IPv4: 32, IPv6: 0, Min Delay: 121 ms, Max Speed: 22.50 M/s, Avg Speed: 4.19 M/s, Max Resolution: 1920x1080
Category: ☘️卫视频道, Name: 海峡卫视, Total: 2, Valid: 1, Valid Percent: 50.00%, IPv4: 2, IPv6: 0, Min Delay: 93 ms, Max Speed: 21.12 M/s, Avg Speed: 21.12 M/s, Max Resolution: 1920x1080
Category: ☘️卫视频道, Name: 海南卫视, Total: 26, Valid: 21, Valid Percent: 80.77%, IPv4: 26, IPv6: 0, Min Delay: 83 ms, Max Speed: 18.72 M/s, Avg Speed: 5.31 M/s, Max Resolution: 1920x1080
Category: ☘️卫视频道, Name: 河北卫视, Total: 31, Valid: 26, Valid Percent: 83.87%, IPv4: 31, IPv6: 0, Min Delay: 91 ms, Max Speed: 22.85 M/s, Avg Speed: 4.13 M/s, Max Resolution: 1920x1080
Category: ☘️卫视频道, Name: 河南卫视, Total: 35, Valid: 26, Valid Percent: 74.29%, IPv4: 35, IPv6: 0, Min Delay: 96 ms, Max Speed: 23.56 M/s, Avg Speed: 5.07 M/s, Max Resolution: 1920x1080
Category: ☘️卫视频道, Name: 江西卫视, Total: 34, Valid: 28, Valid Percent: 82.35%, IPv4: 34, IPv6: 0, Min Delay: 105 ms, Max Speed: 24.16 M/s, Avg Speed: 4.84 M/s, Max Resolution: 1920x1080
Category: ☘️卫视频道, Name: 康巴卫视, Total: 4, Valid: 3, Valid Percent: 75.00%, IPv4: 4, IPv6: 0, Min Delay: 557 ms, Max Speed: 0.21 M/s, Avg Speed: 0.10 M/s, Max Resolution: 1920x1080
Category: ☘️卫视频道, Name: 旅游卫视, Total: 8, Valid: 6, Valid Percent: 75.00%, IPv4: 8, IPv6: 0, Min Delay: 490 ms, Max Speed: 0.34 M/s, Avg Speed: 0.16 M/s, Max Resolution: 1920x1080
Category: ☘️卫视频道, Name: 内蒙古卫视, Total: 18, Valid: 15, Valid Percent: 83.33%, IPv4: 18, IPv6: 0, Min Delay: 82 ms, Max Speed: 21.62 M/s, Avg Speed: 7.11 M/s, Max Resolution: 1920x1080
Category: ☘️卫视频道, Name: 宁夏卫视, Total: 16, Valid: 11, Valid Percent: 68.75%, IPv4: 16, IPv6: 0, Min Delay: 94 ms, Max Speed: 24.88 M/s, Avg Speed: 6.18 M/s, Max Resolution: 3840x2160
Category: ☘️卫视频道, Name: 青海卫视, Total: 27, Valid: 23, Valid Percent: 85.19%, IPv4: 27, IPv6: 0, Min Delay: 90 ms, Max Speed: 22.97 M/s, Avg Speed: 5.13 M/s, Max Resolution: 1920x1080
Category: ☘️卫视频道, Name: 三沙卫视, Total: 17, Valid: 13, Valid Percent: 76.47%, IPv4: 17, IPv6: 0, Min Delay: 495 ms, Max Speed: 0.57 M/s, Avg Speed: 0.11 M/s, Max Resolution: 1920x1080
Category: ☘️卫视频道, Name: 厦门卫视, Total: 7, Valid: 7, Valid Percent: 100.00%, IPv4: 7, IPv6: 0, Min Delay: 500 ms, Max Speed: 0.24 M/s, Avg Speed: 0.06 M/s, Max Resolution: 720x576
Category: ☘️卫视频道, Name: 山东教育卫视, Total: 14, Valid: 7, Valid Percent: 50.00%, IPv4: 14, IPv6: 0, Min Delay: 506 ms, Max Speed: 0.24 M/s, Avg Speed: 0.06 M/s, Max Resolution: 720x576
Category: ☘️卫视频道, Name: 山东卫视, Total: 33, Valid: 28, Valid Percent: 84.85%, IPv4: 33, IPv6: 0, Min Delay: 94 ms, Max Speed: 21.74 M/s, Avg Speed: 4.15 M/s, Max Resolution: 1920x1080
Category: ☘️卫视频道, Name: 山西卫视, Total: 18, Valid: 15, Valid Percent: 83.33%, IPv4: 18, IPv6: 0, Min Delay: 74 ms, Max Speed: 23.94 M/s, Avg Speed: 3.00 M/s, Max Resolution: 1920x1080
Category: ☘️卫视频道, Name: 陕西卫视, Total: 24, Valid: 20, Valid Percent: 83.33%, IPv4: 24, IPv6: 0, Min Delay: 104 ms, Max Speed: 25.77 M/s, Avg Speed: 3.73 M/s, Max Resolution: 1920x1080
Category: ☘️卫视频道, Name: 深圳卫视, Total: 25, Valid: 20, Valid Percent: 80.00%, IPv4: 25, IPv6: 0, Min Delay: 487 ms, Max Speed: 0.71 M/s, Avg Speed: 0.15 M/s, Max Resolution: 1920x1080
Category: ☘️卫视频道, Name: 四川卫视, Total: 21, Valid: 16, Valid Percent: 76.19%, IPv4: 21, IPv6: 0, Min Delay: 503 ms, Max Speed: 0.83 M/s, Avg Speed: 0.19 M/s, Max Resolution: 1920x1080
Category: ☘️卫视频道, Name: 天津卫视, Total: 39, Valid: 30, Valid Percent: 76.92%, IPv4: 39, IPv6: 0, Min Delay: 78 ms, Max Speed: 20.83 M/s, Avg Speed: 3.79 M/s, Max Resolution: 1920x1080
Category: ☘️卫视频道, Name: 延边卫视, Total: 4, Valid: 3, Valid Percent: 75.00%, IPv4: 4, IPv6: 0, Min Delay: 553 ms, Max Speed: 0.21 M/s, Avg Speed: 0.10 M/s, Max Resolution: 720x576
Category: ☘️卫视频道, Name: 云南卫视, Total: 25, Valid: 21, Valid Percent: 84.00%, IPv4: 25, IPv6: 0, Min Delay: 86 ms, Max Speed: 21.34 M/s, Avg Speed: 2.47 M/s, Max Resolution: 1920x1080
Category: ☘️卫视频道, Name: 环球电视, Total: 1, Valid: 1, Valid Percent: 100.00%, IPv4: 1, IPv6: 0, Min Delay: 4773 ms, Max Speed: 0.27 M/s, Avg Speed: 0.27 M/s, Max Resolution: 1920x1080
Category: ☘️卫视频道, Name: 大湾区卫视, Total: 6, Valid: 4, Valid Percent: 66.67%, IPv4: 6, IPv6: 0, Min Delay: 79 ms, Max Speed: 20.91 M/s, Avg Speed: 8.08 M/s, Max Resolution: 1920x1080
Category: ☘️卫视频道, Name: 重庆卫视, Total: 35, Valid: 28, Valid Percent: 80.00%, IPv4: 35, IPv6: 0, Min Delay: 77 ms, Max Speed: 20.26 M/s, Avg Speed: 3.99 M/s, Max Resolution: 1920x1080
Category: ☘️卫视频道, Name: 西藏卫视, Total: 19, Valid: 14, Valid Percent: 73.68%, IPv4: 19, IPv6: 0, Min Delay: 79 ms, Max Speed: 21.27 M/s, Avg Speed: 7.10 M/s, Max Resolution: 1920x1080
Category: ☘️卫视频道, Name: 新疆卫视, Total: 15, Valid: 11, Valid Percent: 73.33%, IPv4: 15, IPv6: 0, Min Delay: 84 ms, Max Speed: 21.89 M/s, Avg Speed: 4.12 M/s, Max Resolution: 1920x1080
Category: ☘️港澳频道, Name: 凤凰中文, Total: 14, Valid: 8, Valid Percent: 57.14%, IPv4: 14, IPv6: 0, Min Delay: 144 ms, Max Speed: 15.27 M/s, Avg Speed: 3.41 M/s, Max Resolution: 1920x1080
Category: ☘️港澳频道, Name: 今日新闻, Total: 1, Valid: 0, Valid Percent: 0.00%, IPv4: 1, IPv6: 0, Min Delay: -1 ms, Max Speed: 0.00 M/s, Avg Speed: 0.00 M/s, Max Resolution: None
Category: ☘️港澳频道, Name: 凤凰香港, Total: 2, Valid: 1, Valid Percent: 50.00%, IPv4: 2, IPv6: 0, Min Delay: 98 ms, Max Speed: 21.72 M/s, Avg Speed: 21.72 M/s, Max Resolution: 1920x1080
Category: ☘️港澳频道, Name: 凤凰资讯, Total: 16, Valid: 10, Valid Percent: 62.50%, IPv4: 16, IPv6: 0, Min Delay: 84 ms, Max Speed: 22.82 M/s, Avg Speed: 4.61 M/s, Max Resolution: 1920x1080
Category: ☘️港澳频道, Name: 中天新闻, Total: 16, Valid: 7, Valid Percent: 43.75%, IPv4: 16, IPv6: 0, Min Delay: 64 ms, Max Speed: 18.95 M/s, Avg Speed: 6.05 M/s, Max Resolution: 1920x1080
Category: ☘️港澳频道, Name: 中视新闻, Total: 3, Valid: 1, Valid Percent: 33.33%, IPv4: 3, IPv6: 0, Min Delay: 611 ms, Max Speed: 0.13 M/s, Avg Speed: 0.13 M/s, Max Resolution: 1920x1080
Category: ☘️港澳频道, Name: 天映频道, Total: 1, Valid: 1, Valid Percent: 100.00%, IPv4: 1, IPv6: 0, Min Delay: 287 ms, Max Speed: 1.78 M/s, Avg Speed: 1.78 M/s, Max Resolution: 1280x720
Category: ☘️港澳频道, Name: 天映经典, Total: 1, Valid: 0, Valid Percent: 0.00%, IPv4: 1, IPv6: 0, Min Delay: -1 ms, Max Speed: 0.00 M/s, Avg Speed: 0.00 M/s, Max Resolution: None
Category: ☘️港澳频道, Name: 寰宇新闻, Total: 8, Valid: 5, Valid Percent: 62.50%, IPv4: 8, IPv6: 0, Min Delay: 461 ms, Max Speed: 1.26 M/s, Avg Speed: 0.37 M/s, Max Resolution: 1920x1080
Category: ☘️港澳频道, Name: 中天娱乐, Total: 1, Valid: 1, Valid Percent: 100.00%, IPv4: 1, IPv6: 0, Min Delay: 6733 ms, Max Speed: 0.27 M/s, Avg Speed: 0.27 M/s, Max Resolution: 1280x720
Category: ☘️港澳频道, Name: TVBS新闻, Total: 1, Valid: 0, Valid Percent: 0.00%, IPv4: 1, IPv6: 0, Min Delay: 10005 ms, Max Speed: 0.00 M/s, Avg Speed: 0.00 M/s, Max Resolution: None
Category: ☘️港澳频道, Name: 民视频道, Total: 1, Valid: 0, Valid Percent: 0.00%, IPv4: 1, IPv6: 0, Min Delay: 10019 ms, Max Speed: 0.00 M/s, Avg Speed: 0.00 M/s, Max Resolution: None
Category: ☘️港澳频道, Name: 镜新闻, Total: 4, Valid: 0, Valid Percent: 0.00%, IPv4: 4, IPv6: 0, Min Delay: 576 ms, Max Speed: 0.00 M/s, Avg Speed: 0.00 M/s, Max Resolution: None
Category: ☘️港澳频道, Name: 台视频道, Total: 1, Valid: 0, Valid Percent: 0.00%, IPv4: 1, IPv6: 0, Min Delay: 10006 ms, Max Speed: 0.00 M/s, Avg Speed: 0.00 M/s, Max Resolution: None
Category: ☘️港澳频道, Name: 非凡新闻, Total: 2, Valid: 0, Valid Percent: 0.00%, IPv4: 2, IPv6: 0, Min Delay: 586 ms, Max Speed: 0.00 M/s, Avg Speed: 0.00 M/s, Max Resolution: None
Category: ☘️港澳频道, Name: 东森新闻, Total: 3, Valid: 1, Valid Percent: 33.33%, IPv4: 3, IPv6: 0, Min Delay: 610 ms, Max Speed: 3.46 M/s, Avg Speed: 3.46 M/s, Max Resolution: 1920x1080
Category: ☘️港澳频道, Name: 中视频道, Total: 1, Valid: 0, Valid Percent: 0.00%, IPv4: 1, IPv6: 0, Min Delay: 10006 ms, Max Speed: 0.00 M/s, Avg Speed: 0.00 M/s, Max Resolution: None
Category: ☘️港澳频道, Name: 华视频道, Total: 1, Valid: 0, Valid Percent: 0.00%, IPv4: 1, IPv6: 0, Min Delay: 10005 ms, Max Speed: 0.00 M/s, Avg Speed: 0.00 M/s, Max Resolution: None
Category: ☘️港澳频道, Name: 纬来体育, Total: 1, Valid: 0, Valid Percent: 0.00%, IPv4: 1, IPv6: 0, Min Delay: 10005 ms, Max Speed: 0.00 M/s, Avg Speed: 0.00 M/s, Max Resolution: None
Category: ☘️港澳频道, Name: 纬来育乐, Total: 1, Valid: 0, Valid Percent: 0.00%, IPv4: 1, IPv6: 0, Min Delay: 10005 ms, Max Speed: 0.00 M/s, Avg Speed: 0.00 M/s, Max Resolution: None
Category: ☘️港澳频道, Name: 纬来日本, Total: 1, Valid: 0, Valid Percent: 0.00%, IPv4: 1, IPv6: 0, Min Delay: 10004 ms, Max Speed: 0.00 M/s, Avg Speed: 0.00 M/s, Max Resolution: None
Category: ☘️港澳频道, Name: TVB Plus, Total: 1, Valid: 1, Valid Percent: 100.00%, IPv4: 1, IPv6: 0, Min Delay: 297 ms, Max Speed: 2.26 M/s, Avg Speed: 2.26 M/s, Max Resolution: 1280x720
Category: ☘️港澳频道, Name: 东森超视, Total: 1, Valid: 0, Valid Percent: 0.00%, IPv4: 1, IPv6: 0, Min Delay: 10005 ms, Max Speed: 0.00 M/s, Avg Speed: 0.00 M/s, Max Resolution: None
Category: ☘️港澳频道, Name: 翡翠台, Total: 2, Valid: 1, Valid Percent: 50.00%, IPv4: 2, IPv6: 0, Min Delay: 409 ms, Max Speed: 0.97 M/s, Avg Speed: 0.97 M/s, Max Resolution: 1920x1080
Category: ☘️港澳频道, Name: 东森新闻频波, Total: 1, Valid: 1, Valid Percent: 100.00%, IPv4: 1, IPv6: 0, Min Delay: 397 ms, Max Speed: 0.32 M/s, Avg Speed: 0.32 M/s, Max Resolution: 1920x1080
Category: ☘️港澳频道, Name: 民视新闻频波, Total: 1, Valid: 1, Valid Percent: 100.00%, IPv4: 1, IPv6: 0, Min Delay: 400 ms, Max Speed: 0.57 M/s, Avg Speed: 0.57 M/s, Max Resolution: 1920x1080
Category: ☘️港澳频道, Name: 中视闽南频波, Total: 1, Valid: 1, Valid Percent: 100.00%, IPv4: 1, IPv6: 0, Min Delay: 404 ms, Max Speed: 0.27 M/s, Avg Speed: 0.27 M/s, Max Resolution: 1920x1080
Category: ☘️港澳频道, Name: 华视闽南频波, Total: 1, Valid: 1, Valid Percent: 100.00%, IPv4: 1, IPv6: 0, Min Delay: 403 ms, Max Speed: 0.30 M/s, Avg Speed: 0.30 M/s, Max Resolution: 1920x1080
Category: ☘️港澳频道, Name: 公视闽南频波, Total: 1, Valid: 1, Valid Percent: 100.00%, IPv4: 1, IPv6: 0, Min Delay: 396 ms, Max Speed: 0.30 M/s, Avg Speed: 0.30 M/s, Max Resolution: 1920x1080
Category: ☘️港澳频道, Name: 澳视澳门, Total: 1, Valid: 0, Valid Percent: 0.00%, IPv4: 1, IPv6: 0, Min Delay: -1 ms, Max Speed: 0.00 M/s, Avg Speed: 0.00 M/s, Max Resolution: None
Category: ☘️港澳频道, Name: 华文五套, Total: 1, Valid: 0, Valid Percent: 0.00%, IPv4: 1, IPv6: 0, Min Delay: -1 ms, Max Speed: 0.00 M/s, Avg Speed: 0.00 M/s, Max Resolution: None
Category: ☘️港澳频道, Name: 民视闽南频波, Total: 1, Valid: 1, Valid Percent: 100.00%, IPv4: 1, IPv6: 0, Min Delay: 407 ms, Max Speed: 0.30 M/s, Avg Speed: 0.30 M/s, Max Resolution: 1920x1080
Category: ☘️港澳频道, Name: 台视闽南频波, Total: 1, Valid: 1, Valid Percent: 100.00%, IPv4: 1, IPv6: 0, Min Delay: 414 ms, Max Speed: 0.29 M/s, Avg Speed: 0.29 M/s, Max Resolution: 1280x720
Category: 🎬影视频道, Name: 邵氏动作, Total: 3, Valid: 2, Valid Percent: 66.67%, IPv4: 3, IPv6: 0, Min Delay: 507 ms, Max Speed: 6.44 M/s, Avg Speed: 3.40 M/s, Max Resolution: 1920x818
Category: 🎬影视频道, Name: 邵氏喜剧, Total: 3, Valid: 2, Valid Percent: 66.67%, IPv4: 3, IPv6: 0, Min Delay: 1130 ms, Max Speed: 4.73 M/s, Avg Speed: 2.54 M/s, Max Resolution: 1920x820
Category: 🎬影视频道, Name: 邵氏电影, Total: 3, Valid: 2, Valid Percent: 66.67%, IPv4: 3, IPv6: 0, Min Delay: 366 ms, Max Speed: 2.33 M/s, Avg Speed: 1.92 M/s, Max Resolution: 1920x814
Category: 🎬影视频道, Name: 邵氏武侠, Total: 3, Valid: 2, Valid Percent: 66.67%, IPv4: 3, IPv6: 0, Min Delay: 856 ms, Max Speed: 6.69 M/s, Avg Speed: 3.52 M/s, Max Resolution: 1920x840
Category: ☘️港澳频道, Name: 三立新闻, Total: 2, Valid: 2, Valid Percent: 100.00%, IPv4: 2, IPv6: 0, Min Delay: 10106 ms, Max Speed: 0.15 M/s, Avg Speed: 0.15 M/s, Max Resolution: 1920x1080
Category: 🎬影视频道, Name: 邵氏影院, Total: 1, Valid: 1, Valid Percent: 100.00%, IPv4: 1, IPv6: 0, Min Delay: 224 ms, Max Speed: 0.31 M/s, Avg Speed: 0.31 M/s, Max Resolution: 640x360
Category: ☘️港澳频道, Name: 华文七套, Total: 1, Valid: 0, Valid Percent: 0.00%, IPv4: 1, IPv6: 0, Min Delay: -1 ms, Max Speed: 0.00 M/s, Avg Speed: 0.00 M/s, Max Resolution: None
Category: ☘️港澳频道, Name: 华文三套, Total: 1, Valid: 0, Valid Percent: 0.00%, IPv4: 1, IPv6: 0, Min Delay: -1 ms, Max Speed: 0.00 M/s, Avg Speed: 0.00 M/s, Max Resolution: None
Category: ☘️港澳频道, Name: 华文八套, Total: 1, Valid: 0, Valid Percent: 0.00%, IPv4: 1, IPv6: 0, Min Delay: -1 ms, Max Speed: 0.00 M/s, Avg Speed: 0.00 M/s, Max Resolution: None
Category: 🎬影视频道, Name: CHC家庭影院, Total: 17, Valid: 12, Valid Percent: 70.59%, IPv4: 17, IPv6: 0, Min Delay: 80 ms, Max Speed: 20.38 M/s, Avg Speed: 3.50 M/s, Max Resolution: 1920x1080
Category: 🎬影视频道, Name: 古装妖魔, Total: 1, Valid: 0, Valid Percent: 0.00%, IPv4: 1, IPv6: 0, Min Delay: -1 ms, Max Speed: 0.00 M/s, Avg Speed: 0.00 M/s, Max Resolution: None
Category: 🎬影视频道, Name: 泰语剧场, Total: 1, Valid: 0, Valid Percent: 0.00%, IPv4: 1, IPv6: 0, Min Delay: -1 ms, Max Speed: 0.00 M/s, Avg Speed: 0.00 M/s, Max Resolution: None
Category: 🎬影视频道, Name: 家庭剧场, Total: 1, Valid: 0, Valid Percent: 0.00%, IPv4: 1, IPv6: 0, Min Delay: -1 ms, Max Speed: 0.00 M/s, Avg Speed: 0.00 M/s, Max Resolution: None
Category: 🎬影视频道, Name: 搞笑剧场, Total: 1, Valid: 0, Valid Percent: 0.00%, IPv4: 1, IPv6: 0, Min Delay: -1 ms, Max Speed: 0.00 M/s, Avg Speed: 0.00 M/s, Max Resolution: None
Category: 🎬影视频道, Name: CHC动作电影, Total: 17, Valid: 12, Valid Percent: 70.59%, IPv4: 17, IPv6: 0, Min Delay: 121 ms, Max Speed: 22.87 M/s, Avg Speed: 3.69 M/s, Max Resolution: 1920x1080
Category: 🎬影视频道, Name: 爱情生活, Total: 1, Valid: 0, Valid Percent: 0.00%, IPv4: 1, IPv6: 0, Min Delay: -1 ms, Max Speed: 0.00 M/s, Avg Speed: 0.00 M/s, Max Resolution: None
Category: 🎬影视频道, Name: 大家剧场, Total: 1, Valid: 0, Valid Percent: 0.00%, IPv4: 1, IPv6: 0, Min Delay: -1 ms, Max Speed: 0.00 M/s, Avg Speed: 0.00 M/s, Max Resolution: None
Category: 🎬影视频道, Name: 电影周润发, Total: 1, Valid: 1, Valid Percent: 100.00%, IPv4: 1, IPv6: 0, Min Delay: 342 ms, Max Speed: 1.85 M/s, Avg Speed: 1.85 M/s, Max Resolution: 1280x720
Category: 🎬影视频道, Name: 电影成龙, Total: 1, Valid: 1, Valid Percent: 100.00%, IPv4: 1, IPv6: 0, Min Delay: 468 ms, Max Speed: 5.63 M/s, Avg Speed: 5.63 M/s, Max Resolution: 1694x720
Category: 🎬影视频道, Name: NewTV黑莓动画, Total: 1, Valid: 1, Valid Percent: 100.00%, IPv4: 1, IPv6: 0, Min Delay: 10276 ms, Max Speed: 0.28 M/s, Avg Speed: 0.28 M/s, Max Resolution: 1920x1080
Category: 🎬影视频道, Name: CHC影迷电影, Total: 13, Valid: 9, Valid Percent: 69.23%, IPv4: 13, IPv6: 0, Min Delay: 121 ms, Max Speed: 22.51 M/s, Avg Speed: 5.23 M/s, Max Resolution: 1920x1080
Category: 🎬影视频道, Name: NewTV中国功夫, Total: 2, Valid: 0, Valid Percent: 0.00%, IPv4: 2, IPv6: 0, Min Delay: 490 ms, Max Speed: 0.00 M/s, Avg Speed: 0.00 M/s, Max Resolution: None
Category: 🎬影视频道, Name: NewTV军事评论, Total: 2, Valid: 0, Valid Percent: 0.00%, IPv4: 2, IPv6: 0, Min Delay: 486 ms, Max Speed: 0.00 M/s, Avg Speed: 0.00 M/s, Max Resolution: None
Category: 🎬影视频道, Name: NewTV军旅剧场, Total: 3, Valid: 0, Valid Percent: 0.00%, IPv4: 3, IPv6: 0, Min Delay: 483 ms, Max Speed: 0.00 M/s, Avg Speed: 0.00 M/s, Max Resolution: None
Category: 🎬影视频道, Name: NewTV古装剧场, Total: 4, Valid: 2, Valid Percent: 50.00%, IPv4: 4, IPv6: 0, Min Delay: 482 ms, Max Speed: 0.22 M/s, Avg Speed: 0.11 M/s, Max Resolution: 1920x1080
Category: 🎬影视频道, Name: NewTV惊悚悬疑, Total: 2, Valid: 0, Valid Percent: 0.00%, IPv4: 2, IPv6: 0, Min Delay: 496 ms, Max Speed: 0.00 M/s, Avg Speed: 0.00 M/s, Max Resolution: None
Category: 🎬影视频道, Name: NewTV爱情喜剧, Total: 2, Valid: 0, Valid Percent: 0.00%, IPv4: 2, IPv6: 0, Min Delay: 482 ms, Max Speed: 0.00 M/s, Avg Speed: 0.00 M/s, Max Resolution: None
Category: 🎬影视频道, Name: NewTV精品大剧, Total: 2, Valid: 0, Valid Percent: 0.00%, IPv4: 2, IPv6: 0, Min Delay: 508 ms, Max Speed: 0.00 M/s, Avg Speed: 0.00 M/s, Max Resolution: None
Category: 🎬影视频道, Name: NewTV金牌综艺, Total: 2, Valid: 0, Valid Percent: 0.00%, IPv4: 2, IPv6: 0, Min Delay: 476 ms, Max Speed: 0.00 M/s, Avg Speed: 0.00 M/s, Max Resolution: None
Category: 🎬影视频道, Name: iHOT爱动漫, Total: 3, Valid: 3, Valid Percent: 100.00%, IPv4: 3, IPv6: 0, Min Delay: 556 ms, Max Speed: 0.69 M/s, Avg Speed: 0.48 M/s, Max Resolution: 1920x1080
Category: 🎬影视频道, Name: iHOT爱幼教, Total: 3, Valid: 3, Valid Percent: 100.00%, IPv4: 3, IPv6: 0, Min Delay: 547 ms, Max Speed: 0.35 M/s, Avg Speed: 0.26 M/s, Max Resolution: 1920x1080
Category: 🎬影视频道, Name: iHOT爱体育, Total: 6, Valid: 6, Valid Percent: 100.00%, IPv4: 6, IPv6: 0, Min Delay: 550 ms, Max Speed: 0.34 M/s, Avg Speed: 0.21 M/s, Max Resolution: 1920x1080
Category: 🎬影视频道, Name: iHOT爱历史, Total: 3, Valid: 3, Valid Percent: 100.00%, IPv4: 3, IPv6: 0, Min Delay: 555 ms, Max Speed: 0.41 M/s, Avg Speed: 0.30 M/s, Max Resolution: 1920x1080
Category: 🎬影视频道, Name: iHOT爱喜剧, Total: 6, Valid: 5, Valid Percent: 83.33%, IPv4: 6, IPv6: 0, Min Delay: 532 ms, Max Speed: 0.18 M/s, Avg Speed: 0.07 M/s, Max Resolution: 1920x1080
Category: 🎬影视频道, Name: iHOT爱奇谈, Total: 3, Valid: 1, Valid Percent: 33.33%, IPv4: 3, IPv6: 0, Min Delay: 541 ms, Max Speed: 0.02 M/s, Avg Speed: 0.02 M/s, Max Resolution: None
Category: 🎬影视频道, Name: iHOT爱谍战, Total: 3, Valid: 2, Valid Percent: 66.67%, IPv4: 3, IPv6: 0, Min Delay: 535 ms, Max Speed: 0.14 M/s, Avg Speed: 0.08 M/s, Max Resolution: None
Category: 🎬影视频道, Name: iHOT爱浪漫, Total: 3, Valid: 1, Valid Percent: 33.33%, IPv4: 3, IPv6: 0, Min Delay: 547 ms, Max Speed: 0.04 M/s, Avg Speed: 0.04 M/s, Max Resolution: None
Category: 🎬影视频道, Name: iHOT爱玩具, Total: 3, Valid: 2, Valid Percent: 66.67%, IPv4: 3, IPv6: 0, Min Delay: 541 ms, Max Speed: 0.05 M/s, Avg Speed: 0.04 M/s, Max Resolution: None
Category: 🎬影视频道, Name: iHOT爱院线, Total: 3, Valid: 2, Valid Percent: 66.67%, IPv4: 3, IPv6: 0, Min Delay: 554 ms, Max Speed: 0.05 M/s, Avg Speed: 0.03 M/s, Max Resolution: None
Category: 🎬影视频道, Name: IPTV少儿动画, Total: 2, Valid: 1, Valid Percent: 50.00%, IPv4: 2, IPv6: 0, Min Delay: 684 ms, Max Speed: 0.19 M/s, Avg Speed: 0.19 M/s, Max Resolution: 1920x1080
Category: 🎬影视频道, Name: IPTV热播剧场, Total: 2, Valid: 1, Valid Percent: 50.00%, IPv4: 2, IPv6: 0, Min Delay: 572 ms, Max Speed: 0.21 M/s, Avg Speed: 0.21 M/s, Max Resolution: 1920x1080
Category: 🎬影视频道, Name: IPTV经典电影, Total: 2, Valid: 1, Valid Percent: 50.00%, IPv4: 2, IPv6: 0, Min Delay: 605 ms, Max Speed: 0.20 M/s, Avg Speed: 0.20 M/s, Max Resolution: 1920x1080
Category: 🎬影视频道, Name: IPTV光影, Total: 2, Valid: 1, Valid Percent: 50.00%, IPv4: 2, IPv6: 0, Min Delay: 525 ms, Max Speed: 0.08 M/s, Avg Speed: 0.08 M/s, Max Resolution: 1920x1080
Category: 🎬影视频道, Name: IPTV魅力时尚, Total: 2, Valid: 1, Valid Percent: 50.00%, IPv4: 2, IPv6: 0, Min Delay: 523 ms, Max Speed: 0.21 M/s, Avg Speed: 0.21 M/s, Max Resolution: 1920x1080
Category: 🎬影视频道, Name: iHOT爱赛车, Total: 3, Valid: 3, Valid Percent: 100.00%, IPv4: 3, IPv6: 0, Min Delay: 549 ms, Max Speed: 0.14 M/s, Avg Speed: 0.05 M/s, Max Resolution: 1920x1080
Category: 🎬影视频道, Name: IPTV军事, Total: 2, Valid: 1, Valid Percent: 50.00%, IPv4: 2, IPv6: 0, Min Delay: 912 ms, Max Speed: 0.17 M/s, Avg Speed: 0.17 M/s, Max Resolution: 1920x1080
Category: 🎬影视频道, Name: IPTV军旅剧场, Total: 4, Valid: 2, Valid Percent: 50.00%, IPv4: 4, IPv6: 0, Min Delay: 523 ms, Max Speed: 0.21 M/s, Avg Speed: 0.21 M/s, Max Resolution: 1920x1080
Category: 🎬影视频道, Name: IPTV动作影院, Total: 2, Valid: 1, Valid Percent: 50.00%, IPv4: 2, IPv6: 0, Min Delay: 634 ms, Max Speed: 0.20 M/s, Avg Speed: 0.20 M/s, Max Resolution: 1920x1080
Category: 🎬影视频道, Name: IPTV动画, Total: 2, Valid: 1, Valid Percent: 50.00%, IPv4: 2, IPv6: 0, Min Delay: 679 ms, Max Speed: 0.19 M/s, Avg Speed: 0.19 M/s, Max Resolution: 1920x1080
Category: 🎬影视频道, Name: IPTV喜剧剧场, Total: 2, Valid: 1, Valid Percent: 50.00%, IPv4: 2, IPv6: 0, Min Delay: 529 ms, Max Speed: 0.21 M/s, Avg Speed: 0.21 M/s, Max Resolution: 1920x1080
Category: 🎬影视频道, Name: IPTV国学, Total: 4, Valid: 3, Valid Percent: 75.00%, IPv4: 4, IPv6: 0, Min Delay: 504 ms, Max Speed: 0.22 M/s, Avg Speed: 0.14 M/s, Max Resolution: 1920x1080
Category: 🎬影视频道, Name: IPTV地理, Total: 4, Valid: 3, Valid Percent: 75.00%, IPv4: 4, IPv6: 0, Min Delay: 513 ms, Max Speed: 0.21 M/s, Avg Speed: 0.15 M/s, Max Resolution: 1920x1080
Category: 🎬影视频道, Name: IPTV墨宝, Total: 4, Valid: 3, Valid Percent: 75.00%, IPv4: 4, IPv6: 0, Min Delay: 515 ms, Max Speed: 0.22 M/s, Avg Speed: 0.15 M/s, Max Resolution: 1920x1080
Category: 🎬影视频道, Name: IPTV好学生, Total: 4, Valid: 3, Valid Percent: 75.00%, IPv4: 4, IPv6: 0, Min Delay: 523 ms, Max Speed: 0.22 M/s, Avg Speed: 0.14 M/s, Max Resolution: 1920x1080
Category: 🎬影视频道, Name: IPTV家庭影院, Total: 2, Valid: 1, Valid Percent: 50.00%, IPv4: 2, IPv6: 0, Min Delay: 540 ms, Max Speed: 0.21 M/s, Avg Speed: 0.21 M/s, Max Resolution: 1920x1080
Category: 🎬影视频道, Name: IPTV影视, Total: 2, Valid: 1, Valid Percent: 50.00%, IPv4: 2, IPv6: 0, Min Delay: 527 ms, Max Speed: 0.21 M/s, Avg Speed: 0.21 M/s, Max Resolution: 1920x1080
Category: 🎬影视频道, Name: IPTV戏曲, Total: 2, Valid: 1, Valid Percent: 50.00%, IPv4: 2, IPv6: 0, Min Delay: 632 ms, Max Speed: 0.20 M/s, Avg Speed: 0.20 M/s, Max Resolution: 1920x1080
Category: 🎬影视频道, Name: IPTV早教, Total: 2, Valid: 1, Valid Percent: 50.00%, IPv4: 2, IPv6: 0, Min Delay: 517 ms, Max Speed: 0.21 M/s, Avg Speed: 0.21 M/s, Max Resolution: 1920x1080
Category: 🎬影视频道, Name: IPTV星影, Total: 2, Valid: 1, Valid Percent: 50.00%, IPv4: 2, IPv6: 0, Min Delay: 530 ms, Max Speed: 0.21 M/s, Avg Speed: 0.21 M/s, Max Resolution: 1920x1080
Category: 🎬影视频道, Name: IPTV武侠剧场, Total: 2, Valid: 1, Valid Percent: 50.00%, IPv4: 2, IPv6: 0, Min Delay: 815 ms, Max Speed: 0.18 M/s, Avg Speed: 0.18 M/s, Max Resolution: 1920x1080
Category: 🎬影视频道, Name: IPTV武术, Total: 4, Valid: 3, Valid Percent: 75.00%, IPv4: 4, IPv6: 0, Min Delay: 505 ms, Max Speed: 0.25 M/s, Avg Speed: 0.22 M/s, Max Resolution: 1920x1080
Category: 🎬影视频道, Name: IPTV精选, Total: 2, Valid: 1, Valid Percent: 50.00%, IPv4: 2, IPv6: 0, Min Delay: 532 ms, Max Speed: 0.21 M/s, Avg Speed: 0.21 M/s, Max Resolution: 1920x1080
Category: 🎬影视频道, Name: IPTV美人, Total: 4, Valid: 3, Valid Percent: 75.00%, IPv4: 4, IPv6: 0, Min Delay: 519 ms, Max Speed: 0.25 M/s, Avg Speed: 0.24 M/s, Max Resolution: 1920x1080
Category: 🎬影视频道, Name: IPTV美妆, Total: 4, Valid: 3, Valid Percent: 75.00%, IPv4: 4, IPv6: 0, Min Delay: 503 ms, Max Speed: 0.21 M/s, Avg Speed: 0.21 M/s, Max Resolution: 1920x1080
Category: 🎬影视频道, Name: IPTV解密, Total: 2, Valid: 1, Valid Percent: 50.00%, IPv4: 2, IPv6: 0, Min Delay: 554 ms, Max Speed: 0.21 M/s, Avg Speed: 0.21 M/s, Max Resolution: 1920x1080
Category: 🎬影视频道, Name: IPTV都市剧场, Total: 2, Valid: 1, Valid Percent: 50.00%, IPv4: 2, IPv6: 0, Min Delay: 507 ms, Max Speed: 0.21 M/s, Avg Speed: 0.21 M/s, Max Resolution: 1920x1080
Category: 🎬影视频道, Name: IPTV鉴赏, Total: 4, Valid: 3, Valid Percent: 75.00%, IPv4: 4, IPv6: 0, Min Delay: 514 ms, Max Speed: 0.23 M/s, Avg Speed: 0.23 M/s, Max Resolution: 1920x1080
Category: 🎬影视频道, Name: IPTV音乐现场, Total: 2, Valid: 1, Valid Percent: 50.00%, IPv4: 2, IPv6: 0, Min Delay: 527 ms, Max Speed: 0.21 M/s, Avg Speed: 0.21 M/s, Max Resolution: 1920x1080
Category: 🎬影视频道, Name: IPTV6, Total: 1, Valid: 1, Valid Percent: 100.00%, IPv4: 1, IPv6: 0, Min Delay: 538 ms, Max Speed: 0.05 M/s, Avg Speed: 0.05 M/s, Max Resolution: 1920x1080
Category: 🎬影视频道, Name: IPTV爱生活, Total: 2, Valid: 2, Valid Percent: 100.00%, IPv4: 2, IPv6: 0, Min Delay: 506 ms, Max Speed: 0.23 M/s, Avg Speed: 0.23 M/s, Max Resolution: 1920x1080
Category: 🎬影视频道, Name: 华数轮播01, Total: 1, Valid: 1, Valid Percent: 100.00%, IPv4: 1, IPv6: 0, Min Delay: 10596 ms, Max Speed: 0.08 M/s, Avg Speed: 0.08 M/s, Max Resolution: None
Category: 🎬影视频道, Name: IPTV收视指南, Total: 2, Valid: 2, Valid Percent: 100.00%, IPv4: 2, IPv6: 0, Min Delay: 502 ms, Max Speed: 0.21 M/s, Avg Speed: 0.21 M/s, Max Resolution: 1920x1080
Category: 🎬影视频道, Name: 经典香港电影, Total: 1, Valid: 0, Valid Percent: 0.00%, IPv4: 1, IPv6: 0, Min Delay: -1 ms, Max Speed: 0.00 M/s, Avg Speed: 0.00 M/s, Max Resolution: None
Category: 🎬影视频道, Name: 抗战经典影片, Total: 1, Valid: 0, Valid Percent: 0.00%, IPv4: 1, IPv6: 0, Min Delay: -1 ms, Max Speed: 0.00 M/s, Avg Speed: 0.00 M/s, Max Resolution: None
Category: 🎬影视频道, Name: 华数轮播03, Total: 1, Valid: 1, Valid Percent: 100.00%, IPv4: 1, IPv6: 0, Min Delay: 10739 ms, Max Speed: 0.11 M/s, Avg Speed: 0.11 M/s, Max Resolution: None
Category: 🎬影视频道, Name: 和美乡途轮播台, Total: 1, Valid: 0, Valid Percent: 0.00%, IPv4: 1, IPv6: 0, Min Delay: -1 ms, Max Speed: 0.00 M/s, Avg Speed: 0.00 M/s, Max Resolution: None
Category: 🎬影视频道, Name: 新片放映厅, Total: 1, Valid: 0, Valid Percent: 0.00%, IPv4: 1, IPv6: 0, Min Delay: -1 ms, Max Speed: 0.00 M/s, Avg Speed: 0.00 M/s, Max Resolution: None
Category: 🎬影视频道, Name: 南方影视, Total: 1, Valid: 0, Valid Percent: 0.00%, IPv4: 1, IPv6: 0, Min Delay: -1 ms, Max Speed: 0.00 M/s, Avg Speed: 0.00 M/s, Max Resolution: None
Category: 🎬影视频道, Name: 淘娱乐, Total: 2, Valid: 1, Valid Percent: 50.00%, IPv4: 2, IPv6: 0, Min Delay: 513 ms, Max Speed: 0.15 M/s, Avg Speed: 0.15 M/s, Max Resolution: 1920x1080
Category: 🎬影视频道, Name: 萌宠TV, Total: 2, Valid: 1, Valid Percent: 50.00%, IPv4: 2, IPv6: 0, Min Delay: 541 ms, Max Speed: 0.79 M/s, Avg Speed: 0.79 M/s, Max Resolution: None
Category: 🎬影视频道, Name: 淘剧场, Total: 2, Valid: 1, Valid Percent: 50.00%, IPv4: 2, IPv6: 0, Min Delay: 535 ms, Max Speed: 0.80 M/s, Avg Speed: 0.80 M/s, Max Resolution: None
Category: 🎬影视频道, Name: 淘电影, Total: 2, Valid: 1, Valid Percent: 50.00%, IPv4: 2, IPv6: 0, Min Delay: 510 ms, Max Speed: 0.81 M/s, Avg Speed: 0.81 M/s, Max Resolution: None
Category: 🎬影视频道, Name: 淘Baby, Total: 2, Valid: 1, Valid Percent: 50.00%, IPv4: 2, IPv6: 0, Min Delay: 511 ms, Max Speed: 0.81 M/s, Avg Speed: 0.81 M/s, Max Resolution: None
Category: 🎬影视频道, Name: 华数轮播04, Total: 1, Valid: 1, Valid Percent: 100.00%, IPv4: 1, IPv6: 0, Min Delay: 10515 ms, Max Speed: 0.05 M/s, Avg Speed: 0.05 M/s, Max Resolution: None
Category: 🎬影视频道, Name: 华数轮播02, Total: 1, Valid: 1, Valid Percent: 100.00%, IPv4: 1, IPv6: 0, Min Delay: 10896 ms, Max Speed: 0.06 M/s, Avg Speed: 0.06 M/s, Max Resolution: None
Category: 🎬影视频道, Name: 光影, Total: 2, Valid: 2, Valid Percent: 100.00%, IPv4: 2, IPv6: 0, Min Delay: 520 ms, Max Speed: 0.22 M/s, Avg Speed: 0.11 M/s, Max Resolution: 1920x1080
Category: 🎬影视频道, Name: 华数4K, Total: 1, Valid: 0, Valid Percent: 0.00%, IPv4: 1, IPv6: 0, Min Delay: -1 ms, Max Speed: 0.00 M/s, Avg Speed: 0.00 M/s, Max Resolution: None
Category: 🎬影视频道, Name: 西藏影视, Total: 1, Valid: 0, Valid Percent: 0.00%, IPv4: 1, IPv6: 0, Min Delay: -1 ms, Max Speed: 0.00 M/s, Avg Speed: 0.00 M/s, Max Resolution: None
Category: 🎬影视频道, Name: 凤凰电影, Total: 2, Valid: 0, Valid Percent: 0.00%, IPv4: 2, IPv6: 0, Min Delay: -1 ms, Max Speed: 0.00 M/s, Avg Speed: 0.00 M/s, Max Resolution: None
Category: 🎬影视频道, Name: 1905电影网, Total: 2, Valid: 1, Valid Percent: 50.00%, IPv4: 2, IPv6: 0, Min Delay: 2620 ms, Max Speed: 0.02 M/s, Avg Speed: 0.02 M/s, Max Resolution: None
Category: 🎬影视频道, Name: 经典电影, Total: 1, Valid: 1, Valid Percent: 100.00%, IPv4: 1, IPv6: 0, Min Delay: 1293 ms, Max Speed: 0.14 M/s, Avg Speed: 0.14 M/s, Max Resolution: None
Category: 🎬影视频道, Name: 热播剧场, Total: 3, Valid: 1, Valid Percent: 33.33%, IPv4: 3, IPv6: 0, Min Delay: 471 ms, Max Speed: 0.19 M/s, Avg Speed: 0.19 M/s, Max Resolution: 1920x1080
Category: 🎬影视频道, Name: 华数星影, Total: 2, Valid: 2, Valid Percent: 100.00%, IPv4: 2, IPv6: 0, Min Delay: 501 ms, Max Speed: 0.21 M/s, Avg Speed: 0.11 M/s, Max Resolution: 1920x1080
Category: 🎬影视频道, Name: 华数喜剧影院, Total: 2, Valid: 2, Valid Percent: 100.00%, IPv4: 2, IPv6: 0, Min Delay: 506 ms, Max Speed: 0.23 M/s, Avg Speed: 0.12 M/s, Max Resolution: 1920x1080
Category: 🎬影视频道, Name: 华数军旅剧场, Total: 2, Valid: 2, Valid Percent: 100.00%, IPv4: 2, IPv6: 0, Min Delay: 520 ms, Max Speed: 0.22 M/s, Avg Speed: 0.11 M/s, Max Resolution: 1920x1080
Category: 🎬影视频道, Name: 华数动作影院, Total: 2, Valid: 1, Valid Percent: 50.00%, IPv4: 2, IPv6: 0, Min Delay: 506 ms, Max Speed: 0.00 M/s, Avg Speed: 0.00 M/s, Max Resolution: 1920x1080
Category: 🎬影视频道, Name: 华数热播剧场, Total: 2, Valid: 1, Valid Percent: 50.00%, IPv4: 2, IPv6: 0, Min Delay: 522 ms, Max Speed: 0.00 M/s, Avg Speed: 0.00 M/s, Max Resolution: None
Category: 🎬影视频道, Name: 华数经典电影, Total: 2, Valid: 2, Valid Percent: 100.00%, IPv4: 2, IPv6: 0, Min Delay: 514 ms, Max Speed: 0.22 M/s, Avg Speed: 0.11 M/s, Max Resolution: 1920x1080
Category: 🎬影视频道, Name: 华数家庭影院, Total: 2, Valid: 1, Valid Percent: 50.00%, IPv4: 2, IPv6: 0, Min Delay: 519 ms, Max Speed: 0.01 M/s, Avg Speed: 0.01 M/s, Max Resolution: None
Category: 🎬影视频道, Name: 华数城市剧场, Total: 2, Valid: 2, Valid Percent: 100.00%, IPv4: 2, IPv6: 0, Min Delay: 504 ms, Max Speed: 0.22 M/s, Avg Speed: 0.12 M/s, Max Resolution: 1920x1080
Category: 🎬影视频道, Name: 华数武侠剧场, Total: 2, Valid: 1, Valid Percent: 50.00%, IPv4: 2, IPv6: 0, Min Delay: 506 ms, Max Speed: 0.00 M/s, Avg Speed: 0.00 M/s, Max Resolution: 1920x1080
Category: 🎬影视频道, Name: 华数魅力时尚, Total: 2, Valid: 1, Valid Percent: 50.00%, IPv4: 2, IPv6: 0, Min Delay: 505 ms, Max Speed: 0.02 M/s, Avg Speed: 0.02 M/s, Max Resolution: None
Category: 🎬影视频道, Name: 华数少儿动画, Total: 2, Valid: 2, Valid Percent: 100.00%, IPv4: 2, IPv6: 0, Min Delay: 505 ms, Max Speed: 0.15 M/s, Avg Speed: 0.08 M/s, Max Resolution: 1920x1080
Category: 🎬影视频道, Name: 百变课堂, Total: 1, Valid: 0, Valid Percent: 0.00%, IPv4: 1, IPv6: 0, Min Delay: 547 ms, Max Speed: 0.00 M/s, Avg Speed: 0.00 M/s, Max Resolution: 1920x1080
Category: 🎬影视频道, Name: 华数动画, Total: 2, Valid: 1, Valid Percent: 50.00%, IPv4: 2, IPv6: 0, Min Delay: 509 ms, Max Speed: 0.00 M/s, Avg Speed: 0.00 M/s, Max Resolution: 1920x1080
Category: 🎬影视频道, Name: 华语影院, Total: 1, Valid: 0, Valid Percent: 0.00%, IPv4: 1, IPv6: 0, Min Delay: 1604 ms, Max Speed: 0.00 M/s, Avg Speed: 0.00 M/s, Max Resolution: 1920x1080
Category: 🎬影视频道, Name: 全球大片, Total: 1, Valid: 1, Valid Percent: 100.00%, IPv4: 1, IPv6: 0, Min Delay: 595 ms, Max Speed: 0.16 M/s, Avg Speed: 0.16 M/s, Max Resolution: None
Category: 🎬影视频道, Name: 健康养生, Total: 1, Valid: 1, Valid Percent: 100.00%, IPv4: 1, IPv6: 0, Min Delay: 561 ms, Max Speed: 0.05 M/s, Avg Speed: 0.05 M/s, Max Resolution: None
Category: 🎬影视频道, Name: 看天下精选, Total: 1, Valid: 0, Valid Percent: 0.00%, IPv4: 1, IPv6: 0, Min Delay: 2632 ms, Max Speed: 0.00 M/s, Avg Speed: 0.00 M/s, Max Resolution: 1920x1080
Category: 🎬影视频道, Name: 精彩推荐, Total: 1, Valid: 0, Valid Percent: 0.00%, IPv4: 1, IPv6: 0, Min Delay: 567 ms, Max Speed: 0.00 M/s, Avg Speed: 0.00 M/s, Max Resolution: 1920x1080
Category: 🎬影视频道, Name: 红色影院, Total: 1, Valid: 1, Valid Percent: 100.00%, IPv4: 1, IPv6: 0, Min Delay: 2604 ms, Max Speed: 0.11 M/s, Avg Speed: 0.11 M/s, Max Resolution: 1920x1080
Category: 🏀体育频道, Name: 咪视界4K-2, Total: 1, Valid: 0, Valid Percent: 0.00%, IPv4: 1, IPv6: 0, Min Delay: -1 ms, Max Speed: 0.00 M/s, Avg Speed: 0.00 M/s, Max Resolution: None
Category: 🏀体育频道, Name: 咪视界4K-1, Total: 3, Valid: 2, Valid Percent: 66.67%, IPv4: 3, IPv6: 0, Min Delay: 83 ms, Max Speed: 21.97 M/s, Avg Speed: 20.91 M/s, Max Resolution: 1920x1080
Category: 🏀体育频道, Name: 咪视界-1, Total: 3, Valid: 1, Valid Percent: 33.33%, IPv4: 3, IPv6: 0, Min Delay: 90 ms, Max Speed: 23.44 M/s, Avg Speed: 23.44 M/s, Max Resolution: 1920x1080
Category: 🎬影视频道, Name: 星光院线, Total: 1, Valid: 0, Valid Percent: 0.00%, IPv4: 1, IPv6: 0, Min Delay: 558 ms, Max Speed: 0.00 M/s, Avg Speed: 0.00 M/s, Max Resolution: None
Category: 🎬影视频道, Name: 爱乐山, Total: 1, Valid: 0, Valid Percent: 0.00%, IPv4: 1, IPv6: 0, Min Delay: 546 ms, Max Speed: 0.00 M/s, Avg Speed: 0.00 M/s, Max Resolution: None
Category: 🎬影视频道, Name: 热门剧场, Total: 1, Valid: 0, Valid Percent: 0.00%, IPv4: 1, IPv6: 0, Min Delay: 554 ms, Max Speed: 0.00 M/s, Avg Speed: 0.00 M/s, Max Resolution: None
Category: 🏀体育频道, Name: 咪视界-2, Total: 3, Valid: 1, Valid Percent: 33.33%, IPv4: 3, IPv6: 0, Min Delay: 108 ms, Max Speed: 20.19 M/s, Avg Speed: 20.19 M/s, Max Resolution: 1920x1080
Category: 🏀体育频道, Name: 咪视界-3, Total: 3, Valid: 1, Valid Percent: 33.33%, IPv4: 3, IPv6: 0, Min Delay: 97 ms, Max Speed: 22.88 M/s, Avg Speed: 22.88 M/s, Max Resolution: 1920x1080
Category: 🏀体育频道, Name: 咪视界-4, Total: 3, Valid: 1, Valid Percent: 33.33%, IPv4: 3, IPv6: 0, Min Delay: 91 ms, Max Speed: 21.15 M/s, Avg Speed: 21.15 M/s, Max Resolution: 1920x1080
Category: 🎬影视频道, Name: 爱宠宠物, Total: 1, Valid: 0, Valid Percent: 0.00%, IPv4: 1, IPv6: 0, Min Delay: 562 ms, Max Speed: 0.00 M/s, Avg Speed: 0.00 M/s, Max Resolution: None
Category: 🏀体育频道, Name: 咪视界-5, Total: 3, Valid: 1, Valid Percent: 33.33%, IPv4: 3, IPv6: 0, Min Delay: 93 ms, Max Speed: 26.72 M/s, Avg Speed: 26.72 M/s, Max Resolution: 1920x1080
Category: 🏀体育频道, Name: 咪视界-6, Total: 3, Valid: 1, Valid Percent: 33.33%, IPv4: 3, IPv6: 0, Min Delay: 92 ms, Max Speed: 25.83 M/s, Avg Speed: 25.83 M/s, Max Resolution: 1920x1080
Category: 🏀体育频道, Name: 咪视界-7, Total: 3, Valid: 1, Valid Percent: 33.33%, IPv4: 3, IPv6: 0, Min Delay: 110 ms, Max Speed: 20.19 M/s, Avg Speed: 20.19 M/s, Max Resolution: 1920x1080
Category: 🎬影视频道, Name: 经典剧场, Total: 3, Valid: 0, Valid Percent: 0.00%, IPv4: 3, IPv6: 0, Min Delay: 478 ms, Max Speed: 0.00 M/s, Avg Speed: 0.00 M/s, Max Resolution: 1920x1080
Category: 🎬影视频道, Name: 综艺咖秀, Total: 2, Valid: 0, Valid Percent: 0.00%, IPv4: 2, IPv6: 0, Min Delay: 529 ms, Max Speed: 0.00 M/s, Avg Speed: 0.00 M/s, Max Resolution: None
Category: 🎬影视频道, Name: 爱生活, Total: 1, Valid: 1, Valid Percent: 100.00%, IPv4: 1, IPv6: 0, Min Delay: 580 ms, Max Speed: 0.10 M/s, Avg Speed: 0.10 M/s, Max Resolution: None
Category: 🏀体育频道, Name: 咪视界-10, Total: 3, Valid: 1, Valid Percent: 33.33%, IPv4: 3, IPv6: 0, Min Delay: 95 ms, Max Speed: 24.14 M/s, Avg Speed: 24.14 M/s, Max Resolution: 1920x1080
Category: 🏀体育频道, Name: 咪视界-8, Total: 3, Valid: 1, Valid Percent: 33.33%, IPv4: 3, IPv6: 0, Min Delay: 101 ms, Max Speed: 22.05 M/s, Avg Speed: 22.05 M/s, Max Resolution: 1920x1080
Category: 🏀体育频道, Name: 咪视界-9, Total: 3, Valid: 1, Valid Percent: 33.33%, IPv4: 3, IPv6: 0, Min Delay: 105 ms, Max Speed: 24.38 M/s, Avg Speed: 24.38 M/s, Max Resolution: 1920x1080
Category: 🏀体育频道, Name: 咪视界-12, Total: 3, Valid: 1, Valid Percent: 33.33%, IPv4: 3, IPv6: 0, Min Delay: 100 ms, Max Speed: 23.01 M/s, Avg Speed: 23.01 M/s, Max Resolution: 1920x1080
Category: 🏀体育频道, Name: 咪视界-11, Total: 3, Valid: 1, Valid Percent: 33.33%, IPv4: 3, IPv6: 0, Min Delay: 95 ms, Max Speed: 22.01 M/s, Avg Speed: 22.01 M/s, Max Resolution: 1920x1080
Category: 🏀体育频道, Name: 咪视界-13, Total: 3, Valid: 1, Valid Percent: 33.33%, IPv4: 3, IPv6: 0, Min Delay: 94 ms, Max Speed: 26.28 M/s, Avg Speed: 26.28 M/s, Max Resolution: 1920x1080
Category: 🏀体育频道, Name: 咪视界-14, Total: 3, Valid: 1, Valid Percent: 33.33%, IPv4: 3, IPv6: 0, Min Delay: 88 ms, Max Speed: 27.06 M/s, Avg Speed: 27.06 M/s, Max Resolution: 1920x1080
Category: 🏀体育频道, Name: 咪视界-16, Total: 3, Valid: 1, Valid Percent: 33.33%, IPv4: 3, IPv6: 0, Min Delay: 115 ms, Max Speed: 21.21 M/s, Avg Speed: 21.21 M/s, Max Resolution: 1920x1080
Category: 🏀体育频道, Name: 咪视界-17, Total: 2, Valid: 1, Valid Percent: 50.00%, IPv4: 2, IPv6: 0, Min Delay: 109 ms, Max Speed: 23.43 M/s, Avg Speed: 23.43 M/s, Max Resolution: 1920x1080
Category: 🏀体育频道, Name: 咪视界-15, Total: 3, Valid: 1, Valid Percent: 33.33%, IPv4: 3, IPv6: 0, Min Delay: 99 ms, Max Speed: 26.08 M/s, Avg Speed: 26.08 M/s, Max Resolution: 1920x1080
Category: 🏀体育频道, Name: 咪视界-18, Total: 2, Valid: 1, Valid Percent: 50.00%, IPv4: 2, IPv6: 0, Min Delay: 119 ms, Max Speed: 21.11 M/s, Avg Speed: 21.11 M/s, Max Resolution: 1920x1080
Category: 🏀体育频道, Name: 咪视界-21, Total: 2, Valid: 1, Valid Percent: 50.00%, IPv4: 2, IPv6: 0, Min Delay: 90 ms, Max Speed: 25.76 M/s, Avg Speed: 25.76 M/s, Max Resolution: 1920x1080
Category: 🏀体育频道, Name: 咪视界-20, Total: 2, Valid: 1, Valid Percent: 50.00%, IPv4: 2, IPv6: 0, Min Delay: 103 ms, Max Speed: 21.91 M/s, Avg Speed: 21.91 M/s, Max Resolution: 1920x1080
Category: 🏀体育频道, Name: 咪视界-22, Total: 2, Valid: 1, Valid Percent: 50.00%, IPv4: 2, IPv6: 0, Min Delay: 110 ms, Max Speed: 21.25 M/s, Avg Speed: 21.25 M/s, Max Resolution: 1920x1080
Category: 🏀体育频道, Name: 咪视界-19, Total: 2, Valid: 1, Valid Percent: 50.00%, IPv4: 2, IPv6: 0, Min Delay: 100 ms, Max Speed: 22.44 M/s, Avg Speed: 22.44 M/s, Max Resolution: 1920x1080
Category: 🏀体育频道, Name: 咪视界-24, Total: 3, Valid: 1, Valid Percent: 33.33%, IPv4: 3, IPv6: 0, Min Delay: 82 ms, Max Speed: 27.69 M/s, Avg Speed: 27.69 M/s, Max Resolution: 1920x1080
Category: 🏀体育频道, Name: 咪视界-25, Total: 3, Valid: 1, Valid Percent: 33.33%, IPv4: 3, IPv6: 0, Min Delay: 89 ms, Max Speed: 27.58 M/s, Avg Speed: 27.58 M/s, Max Resolution: 1920x1080
Category: 🏀体育频道, Name: 咪视界-23, Total: 2, Valid: 1, Valid Percent: 50.00%, IPv4: 2, IPv6: 0, Min Delay: 91 ms, Max Speed: 26.28 M/s, Avg Speed: 26.28 M/s, Max Resolution: 1920x1080
Category: 🏀体育频道, Name: 咪视界-28, Total: 3, Valid: 1, Valid Percent: 33.33%, IPv4: 3, IPv6: 0, Min Delay: 127 ms, Max Speed: 22.08 M/s, Avg Speed: 22.08 M/s, Max Resolution: 1920x1080
Category: 🏀体育频道, Name: 咪视界-27, Total: 3, Valid: 1, Valid Percent: 33.33%, IPv4: 3, IPv6: 0, Min Delay: 149 ms, Max Speed: 14.35 M/s, Avg Speed: 14.35 M/s, Max Resolution: 1920x1080
Category: 🏀体育频道, Name: 咪视界-26, Total: 3, Valid: 1, Valid Percent: 33.33%, IPv4: 3, IPv6: 0, Min Delay: 112 ms, Max Speed: 22.49 M/s, Avg Speed: 22.49 M/s, Max Resolution: 1920x1080
Category: 🏀体育频道, Name: 咪视界-29, Total: 3, Valid: 1, Valid Percent: 33.33%, IPv4: 3, IPv6: 0, Min Delay: 93 ms, Max Speed: 25.52 M/s, Avg Speed: 25.52 M/s, Max Resolution: 1920x1080
Category: 🏀体育频道, Name: 咪视界-30, Total: 3, Valid: 1, Valid Percent: 33.33%, IPv4: 3, IPv6: 0, Min Delay: 82 ms, Max Speed: 26.38 M/s, Avg Speed: 26.38 M/s, Max Resolution: 1920x1080
Category: 🏀体育频道, Name: 咪视界-32, Total: 3, Valid: 1, Valid Percent: 33.33%, IPv4: 3, IPv6: 0, Min Delay: 91 ms, Max Speed: 26.10 M/s, Avg Speed: 26.10 M/s, Max Resolution: 1920x1080
Category: 🏀体育频道, Name: 咪视界-33, Total: 2, Valid: 0, Valid Percent: 0.00%, IPv4: 2, IPv6: 0, Min Delay: -1 ms, Max Speed: 0.00 M/s, Avg Speed: 0.00 M/s, Max Resolution: None
Category: 🏀体育频道, Name: 咪视界-35, Total: 2, Valid: 0, Valid Percent: 0.00%, IPv4: 2, IPv6: 0, Min Delay: -1 ms, Max Speed: 0.00 M/s, Avg Speed: 0.00 M/s, Max Resolution: None
Category: 🏀体育频道, Name: 咪视界-34, Total: 2, Valid: 0, Valid Percent: 0.00%, IPv4: 2, IPv6: 0, Min Delay: -1 ms, Max Speed: 0.00 M/s, Avg Speed: 0.00 M/s, Max Resolution: None
Category: 🏀体育频道, Name: 咪视界-37, Total: 2, Valid: 0, Valid Percent: 0.00%, IPv4: 2, IPv6: 0, Min Delay: -1 ms, Max Speed: 0.00 M/s, Avg Speed: 0.00 M/s, Max Resolution: None
Category: 🏀体育频道, Name: 咪视界-36, Total: 2, Valid: 0, Valid Percent: 0.00%, IPv4: 2, IPv6: 0, Min Delay: -1 ms, Max Speed: 0.00 M/s, Avg Speed: 0.00 M/s, Max Resolution: None
Category: 🏀体育频道, Name: 咪视界-40, Total: 2, Valid: 0, Valid Percent: 0.00%, IPv4: 2, IPv6: 0, Min Delay: -1 ms, Max Speed: 0.00 M/s, Avg Speed: 0.00 M/s, Max Resolution: None
Category: 🏀体育频道, Name: 咪视界-31, Total: 3, Valid: 1, Valid Percent: 33.33%, IPv4: 3, IPv6: 0, Min Delay: 90 ms, Max Speed: 26.01 M/s, Avg Speed: 26.01 M/s, Max Resolution: 1920x1080
Category: 🏀体育频道, Name: 咪视界-38, Total: 2, Valid: 0, Valid Percent: 0.00%, IPv4: 2, IPv6: 0, Min Delay: -1 ms, Max Speed: 0.00 M/s, Avg Speed: 0.00 M/s, Max Resolution: None
Category: 🏀体育频道, Name: 咪视界-41, Total: 2, Valid: 0, Valid Percent: 0.00%, IPv4: 2, IPv6: 0, Min Delay: -1 ms, Max Speed: 0.00 M/s, Avg Speed: 0.00 M/s, Max Resolution: None
Category: 🏀体育频道, Name: 咪视界-39, Total: 2, Valid: 0, Valid Percent: 0.00%, IPv4: 2, IPv6: 0, Min Delay: -1 ms, Max Speed: 0.00 M/s, Avg Speed: 0.00 M/s, Max Resolution: None
Category: 🏀体育频道, Name: 咪视界-42, Total: 2, Valid: 0, Valid Percent: 0.00%, IPv4: 2, IPv6: 0, Min Delay: -1 ms, Max Speed: 0.00 M/s, Avg Speed: 0.00 M/s, Max Resolution: None
Category: 🏀体育频道, Name: 北京体育, Total: 1, Valid: 1, Valid Percent: 100.00%, IPv4: 1, IPv6: 0, Min Delay: 98 ms, Max Speed: 22.52 M/s, Avg Speed: 22.52 M/s, Max Resolution: 1920x1080
Category: 🏀体育频道, Name: 咪视界-45, Total: 1, Valid: 0, Valid Percent: 0.00%, IPv4: 1, IPv6: 0, Min Delay: -1 ms, Max Speed: 0.00 M/s, Avg Speed: 0.00 M/s, Max Resolution: None
Category: 🏀体育频道, Name: 咪视界-43, Total: 2, Valid: 0, Valid Percent: 0.00%, IPv4: 2, IPv6: 0, Min Delay: -1 ms, Max Speed: 0.00 M/s, Avg Speed: 0.00 M/s, Max Resolution: None
Category: 🏀体育频道, Name: 咪视界-44, Total: 2, Valid: 0, Valid Percent: 0.00%, IPv4: 2, IPv6: 0, Min Delay: -1 ms, Max Speed: 0.00 M/s, Avg Speed: 0.00 M/s, Max Resolution: None
Category: 🏀体育频道, Name: 睛彩竞技, Total: 9, Valid: 7, Valid Percent: 77.78%, IPv4: 9, IPv6: 0, Min Delay: 90 ms, Max Speed: 26.71 M/s, Avg Speed: 11.31 M/s, Max Resolution: 1920x1080
Category: 🏀体育频道, Name: 劲爆体育, Total: 2, Valid: 1, Valid Percent: 50.00%, IPv4: 2, IPv6: 0, Min Delay: 100 ms, Max Speed: 27.37 M/s, Avg Speed: 27.37 M/s, Max Resolution: 1920x1080
Category: 🏀体育频道, Name: 军事国防央七, Total: 2, Valid: 2, Valid Percent: 100.00%, IPv4: 2, IPv6: 0, Min Delay: 96 ms, Max Speed: 28.39 M/s, Avg Speed: 26.12 M/s, Max Resolution: 1920x1080
Category: 🏀体育频道, Name: 五星体育, Total: 5, Valid: 4, Valid Percent: 80.00%, IPv4: 5, IPv6: 0, Min Delay: 40 ms, Max Speed: 137.80 M/s, Avg Speed: 68.37 M/s, Max Resolution: 1920x1080
Category: 🏀体育频道, Name: 睛彩篮球, Total: 10, Valid: 7, Valid Percent: 70.00%, IPv4: 10, IPv6: 0, Min Delay: 105 ms, Max Speed: 27.64 M/s, Avg Speed: 11.06 M/s, Max Resolution: 1920x1080
Category: 🏀体育频道, Name: NBA赛事回放, Total: 1, Valid: 1, Valid Percent: 100.00%, IPv4: 1, IPv6: 0, Min Delay: 810 ms, Max Speed: 2.03 M/s, Avg Speed: 2.03 M/s, Max Resolution: 1920x1080
Category: 🏀体育频道, Name: 睛彩广场舞, Total: 8, Valid: 6, Valid Percent: 75.00%, IPv4: 8, IPv6: 0, Min Delay: 93 ms, Max Speed: 24.98 M/s, Avg Speed: 11.32 M/s, Max Resolution: 1920x1080
Category: 🏀体育频道, Name: 赛事最经典, Total: 2, Valid: 1, Valid Percent: 50.00%, IPv4: 2, IPv6: 0, Min Delay: 103 ms, Max Speed: 20.29 M/s, Avg Speed: 20.29 M/s, Max Resolution: 1920x1080
Category: 🏀体育频道, Name: 网球赛事回放, Total: 1, Valid: 1, Valid Percent: 100.00%, IPv4: 1, IPv6: 0, Min Delay: 686 ms, Max Speed: 0.98 M/s, Avg Speed: 0.98 M/s, Max Resolution: 1280x720
Category: 🏀体育频道, Name: 联赛赛事回放, Total: 1, Valid: 1, Valid Percent: 100.00%, IPv4: 1, IPv6: 0, Min Delay: 1255 ms, Max Speed: 0.85 M/s, Avg Speed: 0.85 M/s, Max Resolution: 1280x720
Category: 🏀体育频道, Name: 睛彩青少, Total: 8, Valid: 5, Valid Percent: 62.50%, IPv4: 8, IPv6: 0, Min Delay: 114 ms, Max Speed: 22.72 M/s, Avg Speed: 12.13 M/s, Max Resolution: 1920x1080
Category: 🏀体育频道, Name: 羽球赛事回放, Total: 1, Valid: 1, Valid Percent: 100.00%, IPv4: 1, IPv6: 0, Min Delay: 792 ms, Max Speed: 0.44 M/s, Avg Speed: 0.44 M/s, Max Resolution: 1920x1080
Category: 🏀体育频道, Name: 体坛名栏汇, Total: 2, Valid: 1, Valid Percent: 50.00%, IPv4: 2, IPv6: 0, Min Delay: 114 ms, Max Speed: 21.69 M/s, Avg Speed: 21.69 M/s, Max Resolution: 1920x1080
Category: 🏀体育频道, Name: 排球赛事回放, Total: 1, Valid: 1, Valid Percent: 100.00%, IPv4: 1, IPv6: 0, Min Delay: 709 ms, Max Speed: 1.70 M/s, Avg Speed: 1.70 M/s, Max Resolution: 1280x720
Category: 🏀体育频道, Name: 陕西体育休闲, Total: 1, Valid: 0, Valid Percent: 0.00%, IPv4: 1, IPv6: 0, Min Delay: -1 ms, Max Speed: 0.00 M/s, Avg Speed: 0.00 M/s, Max Resolution: None
Category: 🏀体育频道, Name: 橄球赛事回放, Total: 1, Valid: 1, Valid Percent: 100.00%, IPv4: 1, IPv6: 0, Min Delay: 1265 ms, Max Speed: 0.93 M/s, Avg Speed: 0.93 M/s, Max Resolution: 1280x720
Category: 🏀体育频道, Name: 乒球赛事回放, Total: 1, Valid: 1, Valid Percent: 100.00%, IPv4: 1, IPv6: 0, Min Delay: 1206 ms, Max Speed: 0.43 M/s, Avg Speed: 0.43 M/s, Max Resolution: 1280x720
Category: 🏀体育频道, Name: 格斗赛事回放, Total: 1, Valid: 1, Valid Percent: 100.00%, IPv4: 1, IPv6: 0, Min Delay: 1210 ms, Max Speed: 0.09 M/s, Avg Speed: 0.09 M/s, Max Resolution: 1280x720
Category: 🏀体育频道, Name: 斯赛赛事回放, Total: 1, Valid: 1, Valid Percent: 100.00%, IPv4: 1, IPv6: 0, Min Delay: 1216 ms, Max Speed: 0.31 M/s, Avg Speed: 0.31 M/s, Max Resolution: 1280x720
Category: 🏀体育频道, Name: 江苏体育休闲, Total: 3, Valid: 2, Valid Percent: 66.67%, IPv4: 3, IPv6: 0, Min Delay: 540 ms, Max Speed: 0.20 M/s, Avg Speed: 0.18 M/s, Max Resolution: 1920x1080
Category: 🌽其他城市频道, Name: 新动力量创一流, Total: 1, Valid: 0, Valid Percent: 0.00%, IPv4: 1, IPv6: 0, Min Delay: -1 ms, Max Speed: 0.00 M/s, Avg Speed: 0.00 M/s, Max Resolution: None
Category: 🏀体育频道, Name: 广东体育, Total: 3, Valid: 1, Valid Percent: 33.33%, IPv4: 3, IPv6: 0, Min Delay: 775 ms, Max Speed: 2.75 M/s, Avg Speed: 2.75 M/s, Max Resolution: 1280x720
Category: 🌽其他城市频道, Name: 乡村振兴, Total: 1, Valid: 1, Valid Percent: 100.00%, IPv4: 1, IPv6: 0, Min Delay: 117 ms, Max Speed: 21.68 M/s, Avg Speed: 21.68 M/s, Max Resolution: 1920x1080
Category: 🌽其他城市频道, Name: 北京新闻, Total: 2, Valid: 1, Valid Percent: 50.00%, IPv4: 2, IPv6: 0, Min Delay: 99 ms, Max Speed: 22.42 M/s, Avg Speed: 22.42 M/s, Max Resolution: 1920x1080
Category: 🌽其他城市频道, Name: 北京财经, Total: 2, Valid: 1, Valid Percent: 50.00%, IPv4: 2, IPv6: 0, Min Delay: 109 ms, Max Speed: 21.61 M/s, Avg Speed: 21.61 M/s, Max Resolution: 1920x1080
Category: 🏀体育频道, Name: 魅力足球, Total: 5, Valid: 2, Valid Percent: 40.00%, IPv4: 5, IPv6: 0, Min Delay: 527 ms, Max Speed: 0.09 M/s, Avg Speed: 0.08 M/s, Max Resolution: None
Category: 🌽其他城市频道, Name: 北京文艺, Total: 2, Valid: 1, Valid Percent: 50.00%, IPv4: 2, IPv6: 0, Min Delay: 111 ms, Max Speed: 21.14 M/s, Avg Speed: 21.14 M/s, Max Resolution: 1920x1080
Category: 🌽其他城市频道, Name: 北京生活, Total: 2, Valid: 1, Valid Percent: 50.00%, IPv4: 2, IPv6: 0, Min Delay: 106 ms, Max Speed: 24.18 M/s, Avg Speed: 24.18 M/s, Max Resolution: 1920x1080
Category: 🏀体育频道, Name: 天元围棋, Total: 3, Valid: 2, Valid Percent: 66.67%, IPv4: 3, IPv6: 0, Min Delay: 529 ms, Max Speed: 0.16 M/s, Avg Speed: 0.11 M/s, Max Resolution: 1920x1080
Category: 🌽其他城市频道, Name: 北京少儿, Total: 1, Valid: 1, Valid Percent: 100.00%, IPv4: 1, IPv6: 0, Min Delay: 107 ms, Max Speed: 23.62 M/s, Avg Speed: 23.62 M/s, Max Resolution: 1920x1080
Category: 🌽其他城市频道, Name: 北京影视, Total: 2, Valid: 1, Valid Percent: 50.00%, IPv4: 2, IPv6: 0, Min Delay: 99 ms, Max Speed: 22.69 M/s, Avg Speed: 22.69 M/s, Max Resolution: 1920x1080
Category: 🏀体育频道, Name: 汽摩, Total: 3, Valid: 2, Valid Percent: 66.67%, IPv4: 3, IPv6: 0, Min Delay: 553 ms, Max Speed: 0.02 M/s, Avg Speed: 0.01 M/s, Max Resolution: 720x576
Category: 🏀体育频道, Name: 电竞天堂, Total: 3, Valid: 3, Valid Percent: 100.00%, IPv4: 3, IPv6: 0, Min Delay: 552 ms, Max Speed: 0.27 M/s, Avg Speed: 0.19 M/s, Max Resolution: 1920x1080
Category: 🌽其他城市频道, Name: 北京纪实科教, Total: 10, Valid: 8, Valid Percent: 80.00%, IPv4: 10, IPv6: 0, Min Delay: 109 ms, Max Speed: 23.12 M/s, Avg Speed: 2.99 M/s, Max Resolution: 1920x1080
Category: 🌽其他城市频道, Name: 东方纪实, Total: 1, Valid: 1, Valid Percent: 100.00%, IPv4: 1, IPv6: 0, Min Delay: 85 ms, Max Speed: 21.03 M/s, Avg Speed: 21.03 M/s, Max Resolution: 1920x1080
Category: 🌽其他城市频道, Name: 金色剧场, Total: 1, Valid: 1, Valid Percent: 100.00%, IPv4: 1, IPv6: 0, Min Delay: 80 ms, Max Speed: 21.01 M/s, Avg Speed: 21.01 M/s, Max Resolution: 1920x1080
Category: 🌽其他城市频道, Name: 上海第一财经, Total: 5, Valid: 2, Valid Percent: 40.00%, IPv4: 5, IPv6: 0, Min Delay: 500 ms, Max Speed: 0.84 M/s, Avg Speed: 0.78 M/s, Max Resolution: 1920x1080
Category: 🌽其他城市频道, Name: 爱上海, Total: 1, Valid: 1, Valid Percent: 100.00%, IPv4: 1, IPv6: 0, Min Delay: 2217 ms, Max Speed: 0.05 M/s, Avg Speed: 0.05 M/s, Max Resolution: 1920x1080
Category: 🌽其他城市频道, Name: 上海新闻综合, Total: 3, Valid: 1, Valid Percent: 33.33%, IPv4: 3, IPv6: 0, Min Delay: 6798 ms, Max Speed: 0.92 M/s, Avg Speed: 0.92 M/s, Max Resolution: None
Category: 🌽其他城市频道, Name: 吉林市新闻, Total: 1, Valid: 0, Valid Percent: 0.00%, IPv4: 1, IPv6: 0, Min Delay: -1 ms, Max Speed: 0.00 M/s, Avg Speed: 0.00 M/s, Max Resolution: None
Category: 🌽其他城市频道, Name: 吉林市生活, Total: 1, Valid: 0, Valid Percent: 0.00%, IPv4: 1, IPv6: 0, Min Delay: -1 ms, Max Speed: 0.00 M/s, Avg Speed: 0.00 M/s, Max Resolution: None
Category: 🌽其他城市频道, Name: 吉林市科教, Total: 1, Valid: 0, Valid Percent: 0.00%, IPv4: 1, IPv6: 0, Min Delay: -1 ms, Max Speed: 0.00 M/s, Avg Speed: 0.00 M/s, Max Resolution: None
Category: 🌽其他城市频道, Name: 上海都市, Total: 2, Valid: 1, Valid Percent: 50.00%, IPv4: 2, IPv6: 0, Min Delay: 5368 ms, Max Speed: 1.19 M/s, Avg Speed: 1.19 M/s, Max Resolution: None
Category: 🌽其他城市频道, Name: 看东方, Total: 1, Valid: 0, Valid Percent: 0.00%, IPv4: 1, IPv6: 0, Min Delay: -1 ms, Max Speed: 0.00 M/s, Avg Speed: 0.00 M/s, Max Resolution: None
Category: 🌽其他城市频道, Name: 新纪实, Total: 2, Valid: 1, Valid Percent: 50.00%, IPv4: 2, IPv6: 0, Min Delay: 2154 ms, Max Speed: 0.05 M/s, Avg Speed: 0.05 M/s, Max Resolution: 1920x1080
Category: 🌽其他城市频道, Name: 魔都眼, Total: 1, Valid: 0, Valid Percent: 0.00%, IPv4: 1, IPv6: 0, Min Delay: -1 ms, Max Speed: 0.00 M/s, Avg Speed: 0.00 M/s, Max Resolution: None
Category: 🌽其他城市频道, Name: 吉祥新闻, Total: 1, Valid: 1, Valid Percent: 100.00%, IPv4: 1, IPv6: 0, Min Delay: 3999 ms, Max Speed: 0.39 M/s, Avg Speed: 0.39 M/s, Max Resolution: 1920x1080
Category: 🌽其他城市频道, Name: 吉林都市, Total: 3, Valid: 2, Valid Percent: 66.67%, IPv4: 3, IPv6: 0, Min Delay: 358 ms, Max Speed: 4.30 M/s, Avg Speed: 4.24 M/s, Max Resolution: 1024x576
Category: 🌽其他城市频道, Name: 吉林生活, Total: 3, Valid: 2, Valid Percent: 66.67%, IPv4: 3, IPv6: 0, Min Delay: 323 ms, Max Speed: 2.98 M/s, Avg Speed: 2.91 M/s, Max Resolution: 1024x576
Category: 🌽其他城市频道, Name: 吉林影视, Total: 3, Valid: 2, Valid Percent: 66.67%, IPv4: 3, IPv6: 0, Min Delay: 352 ms, Max Speed: 2.97 M/s, Avg Speed: 2.71 M/s, Max Resolution: 1024x576
Category: 🌽其他城市频道, Name: 吉林综艺, Total: 2, Valid: 1, Valid Percent: 50.00%, IPv4: 2, IPv6: 0, Min Delay: 315 ms, Max Speed: 2.87 M/s, Avg Speed: 2.87 M/s, Max Resolution: 1024x576
Category: 🌽其他城市频道, Name: 吉林乡村, Total: 1, Valid: 0, Valid Percent: 0.00%, IPv4: 1, IPv6: 0, Min Delay: -1 ms, Max Speed: 0.00 M/s, Avg Speed: 0.00 M/s, Max Resolution: None
Category: 🌽其他城市频道, Name: 黑龙江农业科教, Total: 2, Valid: 2, Valid Percent: 100.00%, IPv4: 2, IPv6: 0, Min Delay: 568 ms, Max Speed: 0.75 M/s, Avg Speed: 0.49 M/s, Max Resolution: 1920x1080
Category: 🌽其他城市频道, Name: 黑龙江文体, Total: 3, Valid: 0, Valid Percent: 0.00%, IPv4: 3, IPv6: 0, Min Delay: 572 ms, Max Speed: 0.00 M/s, Avg Speed: 0.00 M/s, Max Resolution: 1920x1080
Category: 🌽其他城市频道, Name: 黑龙江影视, Total: 3, Valid: 1, Valid Percent: 33.33%, IPv4: 3, IPv6: 0, Min Delay: 774 ms, Max Speed: 0.77 M/s, Avg Speed: 0.77 M/s, Max Resolution: None
Category: 🌽其他城市频道, Name: 哈尔滨娱乐, Total: 1, Valid: 1, Valid Percent: 100.00%, IPv4: 1, IPv6: 0, Min Delay: 1116 ms, Max Speed: 0.03 M/s, Avg Speed: 0.03 M/s, Max Resolution: 640x480
Category: 🌽其他城市频道, Name: 湖南经视, Total: 1, Valid: 0, Valid Percent: 0.00%, IPv4: 1, IPv6: 0, Min Delay: -1 ms, Max Speed: 0.00 M/s, Avg Speed: 0.00 M/s, Max Resolution: None
Category: 🌽其他城市频道, Name: 湖南爱晚, Total: 1, Valid: 0, Valid Percent: 0.00%, IPv4: 1, IPv6: 0, Min Delay: -1 ms, Max Speed: 0.00 M/s, Avg Speed: 0.00 M/s, Max Resolution: None
Category: 🌽其他城市频道, Name: 湖南都市, Total: 1, Valid: 0, Valid Percent: 0.00%, IPv4: 1, IPv6: 0, Min Delay: -1 ms, Max Speed: 0.00 M/s, Avg Speed: 0.00 M/s, Max Resolution: None
Category: 🌽其他城市频道, Name: 湖南电影, Total: 1, Valid: 0, Valid Percent: 0.00%, IPv4: 1, IPv6: 0, Min Delay: -1 ms, Max Speed: 0.00 M/s, Avg Speed: 0.00 M/s, Max Resolution: None
Category: 🌽其他城市频道, Name: 黑龙江少儿, Total: 3, Valid: 1, Valid Percent: 33.33%, IPv4: 3, IPv6: 0, Min Delay: 571 ms, Max Speed: 0.25 M/s, Avg Speed: 0.25 M/s, Max Resolution: None
Category: 🌽其他城市频道, Name: 湖南国际, Total: 1, Valid: 0, Valid Percent: 0.00%, IPv4: 1, IPv6: 0, Min Delay: -1 ms, Max Speed: 0.00 M/s, Avg Speed: 0.00 M/s, Max Resolution: None
Category: 🌽其他城市频道, Name: 哈尔滨新闻综合, Total: 1, Valid: 1, Valid Percent: 100.00%, IPv4: 1, IPv6: 0, Min Delay: 7650 ms, Max Speed: 0.07 M/s, Avg Speed: 0.07 M/s, Max Resolution: 640x480
Category: 🌽其他城市频道, Name: 黑龙江都市, Total: 3, Valid: 1, Valid Percent: 33.33%, IPv4: 3, IPv6: 0, Min Delay: 552 ms, Max Speed: 0.52 M/s, Avg Speed: 0.52 M/s, Max Resolution: 1920x1080
Category: 🌽其他城市频道, Name: 黑龙江新闻法治, Total: 3, Valid: 2, Valid Percent: 66.67%, IPv4: 3, IPv6: 0, Min Delay: 578 ms, Max Speed: 0.39 M/s, Avg Speed: 0.32 M/s, Max Resolution: 720x576
Category: 🌽其他城市频道, Name: 长沙新闻, Total: 1, Valid: 0, Valid Percent: 0.00%, IPv4: 1, IPv6: 0, Min Delay: -1 ms, Max Speed: 0.00 M/s, Avg Speed: 0.00 M/s, Max Resolution: None
Category: 🌽其他城市频道, Name: 长沙政法, Total: 1, Valid: 0, Valid Percent: 0.00%, IPv4: 1, IPv6: 0, Min Delay: -1 ms, Max Speed: 0.00 M/s, Avg Speed: 0.00 M/s, Max Resolution: None
Category: 🌽其他城市频道, Name: 湖南电视剧, Total: 1, Valid: 1, Valid Percent: 100.00%, IPv4: 1, IPv6: 0, Min Delay: 211 ms, Max Speed: 2.10 M/s, Avg Speed: 2.10 M/s, Max Resolution: None
Category: 🌽其他城市频道, Name: 湖南娱乐, Total: 2, Valid: 2, Valid Percent: 100.00%, IPv4: 2, IPv6: 0, Min Delay: 368 ms, Max Speed: 3.86 M/s, Avg Speed: 2.67 M/s, Max Resolution: 1280x720
Category: 🌽其他城市频道, Name: 长沙女性, Total: 1, Valid: 0, Valid Percent: 0.00%, IPv4: 1, IPv6: 0, Min Delay: -1 ms, Max Speed: 0.00 M/s, Avg Speed: 0.00 M/s, Max Resolution: None
Category: 🌽其他城市频道, Name: 南京教科频道, Total: 1, Valid: 0, Valid Percent: 0.00%, IPv4: 1, IPv6: 0, Min Delay: -1 ms, Max Speed: 0.00 M/s, Avg Speed: 0.00 M/s, Max Resolution: None
Category: 🌽其他城市频道, Name: 南京十八频道, Total: 1, Valid: 0, Valid Percent: 0.00%, IPv4: 1, IPv6: 0, Min Delay: -1 ms, Max Speed: 0.00 M/s, Avg Speed: 0.00 M/s, Max Resolution: None
Category: 🌽其他城市频道, Name: 哈尔滨生活, Total: 1, Valid: 1, Valid Percent: 100.00%, IPv4: 1, IPv6: 0, Min Delay: 9281 ms, Max Speed: 0.06 M/s, Avg Speed: 0.06 M/s, Max Resolution: 640x480
Category: 🌽其他城市频道, Name: 盐城新闻综合, Total: 1, Valid: 0, Valid Percent: 0.00%, IPv4: 1, IPv6: 0, Min Delay: -1 ms, Max Speed: 0.00 M/s, Avg Speed: 0.00 M/s, Max Resolution: None
Category: 🌽其他城市频道, Name: 淮安新闻综合, Total: 1, Valid: 0, Valid Percent: 0.00%, IPv4: 1, IPv6: 0, Min Delay: -1 ms, Max Speed: 0.00 M/s, Avg Speed: 0.00 M/s, Max Resolution: None
Category: 🌽其他城市频道, Name: 泰州新闻综合, Total: 1, Valid: 0, Valid Percent: 0.00%, IPv4: 1, IPv6: 0, Min Delay: -1 ms, Max Speed: 0.00 M/s, Avg Speed: 0.00 M/s, Max Resolution: None
Category: 🌽其他城市频道, Name: 连云港新闻综合, Total: 1, Valid: 0, Valid Percent: 0.00%, IPv4: 1, IPv6: 0, Min Delay: -1 ms, Max Speed: 0.00 M/s, Avg Speed: 0.00 M/s, Max Resolution: None
Category: 🌽其他城市频道, Name: 宿迁新闻综合, Total: 1, Valid: 0, Valid Percent: 0.00%, IPv4: 1, IPv6: 0, Min Delay: -1 ms, Max Speed: 0.00 M/s, Avg Speed: 0.00 M/s, Max Resolution: None
Category: 🌽其他城市频道, Name: 徐州新闻综合, Total: 1, Valid: 0, Valid Percent: 0.00%, IPv4: 1, IPv6: 0, Min Delay: -1 ms, Max Speed: 0.00 M/s, Avg Speed: 0.00 M/s, Max Resolution: None
Category: 🌽其他城市频道, Name: 云南影视, Total: 1, Valid: 1, Valid Percent: 100.00%, IPv4: 1, IPv6: 0, Min Delay: 2695 ms, Max Speed: 0.05 M/s, Avg Speed: 0.05 M/s, Max Resolution: 1280x720
Category: 🌽其他城市频道, Name: 江阴新闻综合, Total: 1, Valid: 0, Valid Percent: 0.00%, IPv4: 1, IPv6: 0, Min Delay: -1 ms, Max Speed: 0.00 M/s, Avg Speed: 0.00 M/s, Max Resolution: None
Category: 🌽其他城市频道, Name: 南通新闻综合, Total: 1, Valid: 0, Valid Percent: 0.00%, IPv4: 1, IPv6: 0, Min Delay: -1 ms, Max Speed: 0.00 M/s, Avg Speed: 0.00 M/s, Max Resolution: None
Category: 🌽其他城市频道, Name: 宜兴新闻综合, Total: 1, Valid: 0, Valid Percent: 0.00%, IPv4: 1, IPv6: 0, Min Delay: -1 ms, Max Speed: 0.00 M/s, Avg Speed: 0.00 M/s, Max Resolution: None
Category: 🌽其他城市频道, Name: 哈尔滨影视, Total: 1, Valid: 1, Valid Percent: 100.00%, IPv4: 1, IPv6: 0, Min Delay: 7806 ms, Max Speed: 0.06 M/s, Avg Speed: 0.06 M/s, Max Resolution: 640x480
Category: 🌽其他城市频道, Name: 溧水新闻综合, Total: 1, Valid: 0, Valid Percent: 0.00%, IPv4: 1, IPv6: 0, Min Delay: -1 ms, Max Speed: 0.00 M/s, Avg Speed: 0.00 M/s, Max Resolution: None
Category: 🌽其他城市频道, Name: 云南都市, Total: 1, Valid: 1, Valid Percent: 100.00%, IPv4: 1, IPv6: 0, Min Delay: 2812 ms, Max Speed: 0.24 M/s, Avg Speed: 0.24 M/s, Max Resolution: 1280x720
Category: 🌽其他城市频道, Name: 云南康旅, Total: 1, Valid: 1, Valid Percent: 100.00%, IPv4: 1, IPv6: 0, Min Delay: 2786 ms, Max Speed: 0.20 M/s, Avg Speed: 0.20 M/s, Max Resolution: 1280x720
Category: 🌽其他城市频道, Name: 江苏城市频道, Total: 1, Valid: 0, Valid Percent: 0.00%, IPv4: 1, IPv6: 0, Min Delay: -1 ms, Max Speed: 0.00 M/s, Avg Speed: 0.00 M/s, Max Resolution: None
Category: 🌽其他城市频道, Name: 镇江新闻综合, Total: 1, Valid: 0, Valid Percent: 0.00%, IPv4: 1, IPv6: 0, Min Delay: -1 ms, Max Speed: 0.00 M/s, Avg Speed: 0.00 M/s, Max Resolution: None
Category: 🌽其他城市频道, Name: 云南娱乐, Total: 1, Valid: 1, Valid Percent: 100.00%, IPv4: 1, IPv6: 0, Min Delay: 2948 ms, Max Speed: 0.20 M/s, Avg Speed: 0.20 M/s, Max Resolution: 1280x720
Category: 🌽其他城市频道, Name: 江苏影视频道, Total: 1, Valid: 0, Valid Percent: 0.00%, IPv4: 1, IPv6: 0, Min Delay: -1 ms, Max Speed: 0.00 M/s, Avg Speed: 0.00 M/s, Max Resolution: None
Category: 🌽其他城市频道, Name: 苏州综合, Total: 1, Valid: 1, Valid Percent: 100.00%, IPv4: 1, IPv6: 0, Min Delay: 1250 ms, Max Speed: 0.82 M/s, Avg Speed: 0.82 M/s, Max Resolution: 1920x1080
Category: 🌽其他城市频道, Name: 苏州经济, Total: 1, Valid: 1, Valid Percent: 100.00%, IPv4: 1, IPv6: 0, Min Delay: 2282 ms, Max Speed: 0.86 M/s, Avg Speed: 0.86 M/s, Max Resolution: 1920x1080
Category: 🌽其他城市频道, Name: 南京新闻综合, Total: 2, Valid: 2, Valid Percent: 100.00%, IPv4: 2, IPv6: 0, Min Delay: 493 ms, Max Speed: 0.20 M/s, Avg Speed: 0.13 M/s, Max Resolution: 720x576
Category: 🌽其他城市频道, Name: 苏州生活, Total: 1, Valid: 1, Valid Percent: 100.00%, IPv4: 1, IPv6: 0, Min Delay: 1406 ms, Max Speed: 0.33 M/s, Avg Speed: 0.33 M/s, Max Resolution: 1280x720
Category: 🌽其他城市频道, Name: 苏州娱乐, Total: 1, Valid: 1, Valid Percent: 100.00%, IPv4: 1, IPv6: 0, Min Delay: 1631 ms, Max Speed: 0.32 M/s, Avg Speed: 0.32 M/s, Max Resolution: 1280x720
Category: 🌽其他城市频道, Name: 苏州4K台, Total: 1, Valid: 1, Valid Percent: 100.00%, IPv4: 1, IPv6: 0, Min Delay: 1046 ms, Max Speed: 0.65 M/s, Avg Speed: 0.65 M/s, Max Resolution: 1280x720
Category: 🌽其他城市频道, Name: 陕西银龄频道, Total: 1, Valid: 0, Valid Percent: 0.00%, IPv4: 1, IPv6: 0, Min Delay: -1 ms, Max Speed: 0.00 M/s, Avg Speed: 0.00 M/s, Max Resolution: None
Category: 🌽其他城市频道, Name: 苏州资讯, Total: 1, Valid: 1, Valid Percent: 100.00%, IPv4: 1, IPv6: 0, Min Delay: 1687 ms, Max Speed: 0.29 M/s, Avg Speed: 0.29 M/s, Max Resolution: 1280x720
Category: 🌽其他城市频道, Name: 陕西都市青春频道, Total: 1, Valid: 0, Valid Percent: 0.00%, IPv4: 1, IPv6: 0, Min Delay: -1 ms, Max Speed: 0.00 M/s, Avg Speed: 0.00 M/s, Max Resolution: None
Category: 🌽其他城市频道, Name: 河南新闻, Total: 1, Valid: 0, Valid Percent: 0.00%, IPv4: 1, IPv6: 0, Min Delay: -1 ms, Max Speed: 0.00 M/s, Avg Speed: 0.00 M/s, Max Resolution: None
Category: 🌽其他城市频道, Name: 陕西秦腔频道, Total: 1, Valid: 0, Valid Percent: 0.00%, IPv4: 1, IPv6: 0, Min Delay: -1 ms, Max Speed: 0.00 M/s, Avg Speed: 0.00 M/s, Max Resolution: None
Category: 🌽其他城市频道, Name: 河南都市, Total: 1, Valid: 0, Valid Percent: 0.00%, IPv4: 1, IPv6: 0, Min Delay: -1 ms, Max Speed: 0.00 M/s, Avg Speed: 0.00 M/s, Max Resolution: None
Category: 🌽其他城市频道, Name: 河南民生, Total: 1, Valid: 0, Valid Percent: 0.00%, IPv4: 1, IPv6: 0, Min Delay: -1 ms, Max Speed: 0.00 M/s, Avg Speed: 0.00 M/s, Max Resolution: None
Category: 🌽其他城市频道, Name: 河南公共, Total: 1, Valid: 0, Valid Percent: 0.00%, IPv4: 1, IPv6: 0, Min Delay: -1 ms, Max Speed: 0.00 M/s, Avg Speed: 0.00 M/s, Max Resolution: None
Category: 🌽其他城市频道, Name: 河南乡村, Total: 1, Valid: 0, Valid Percent: 0.00%, IPv4: 1, IPv6: 0, Min Delay: -1 ms, Max Speed: 0.00 M/s, Avg Speed: 0.00 M/s, Max Resolution: None
Category: 🌽其他城市频道, Name: 河南梨园, Total: 1, Valid: 0, Valid Percent: 0.00%, IPv4: 1, IPv6: 0, Min Delay: -1 ms, Max Speed: 0.00 M/s, Avg Speed: 0.00 M/s, Max Resolution: None
Category: 🌽其他城市频道, Name: 河南法治, Total: 1, Valid: 0, Valid Percent: 0.00%, IPv4: 1, IPv6: 0, Min Delay: -1 ms, Max Speed: 0.00 M/s, Avg Speed: 0.00 M/s, Max Resolution: None
Category: 🌽其他城市频道, Name: 河南电视剧, Total: 1, Valid: 0, Valid Percent: 0.00%, IPv4: 1, IPv6: 0, Min Delay: -1 ms, Max Speed: 0.00 M/s, Avg Speed: 0.00 M/s, Max Resolution: None
Category: 🌽其他城市频道, Name: 睛彩中原, Total: 1, Valid: 0, Valid Percent: 0.00%, IPv4: 1, IPv6: 0, Min Delay: -1 ms, Max Speed: 0.00 M/s, Avg Speed: 0.00 M/s, Max Resolution: None
Category: 🌽其他城市频道, Name: 移动戏曲, Total: 1, Valid: 0, Valid Percent: 0.00%, IPv4: 1, IPv6: 0, Min Delay: -1 ms, Max Speed: 0.00 M/s, Avg Speed: 0.00 M/s, Max Resolution: None
Category: 🌽其他城市频道, Name: 大象视界, Total: 1, Valid: 0, Valid Percent: 0.00%, IPv4: 1, IPv6: 0, Min Delay: -1 ms, Max Speed: 0.00 M/s, Avg Speed: 0.00 M/s, Max Resolution: None
Category: 🌽其他城市频道, Name: 欢腾购物, Total: 1, Valid: 0, Valid Percent: 0.00%, IPv4: 1, IPv6: 0, Min Delay: -1 ms, Max Speed: 0.00 M/s, Avg Speed: 0.00 M/s, Max Resolution: None
Category: 🌽其他城市频道, Name: 河南国际, Total: 1, Valid: 0, Valid Percent: 0.00%, IPv4: 1, IPv6: 0, Min Delay: -1 ms, Max Speed: 0.00 M/s, Avg Speed: 0.00 M/s, Max Resolution: None
Category: 🌽其他城市频道, Name: 江苏国际, Total: 3, Valid: 2, Valid Percent: 66.67%, IPv4: 3, IPv6: 0, Min Delay: 491 ms, Max Speed: 0.24 M/s, Avg Speed: 0.16 M/s, Max Resolution: 720x576
Category: 🌽其他城市频道, Name: 江苏教育, Total: 3, Valid: 2, Valid Percent: 66.67%, IPv4: 3, IPv6: 0, Min Delay: 546 ms, Max Speed: 0.22 M/s, Avg Speed: 0.18 M/s, Max Resolution: 720x576
Category: 🌽其他城市频道, Name: 九台综合, Total: 1, Valid: 1, Valid Percent: 100.00%, IPv4: 1, IPv6: 0, Min Delay: 1507 ms, Max Speed: 0.25 M/s, Avg Speed: 0.25 M/s, Max Resolution: 720x576
Category: 🌽其他城市频道, Name: 江苏综艺, Total: 2, Valid: 2, Valid Percent: 100.00%, IPv4: 2, IPv6: 0, Min Delay: 523 ms, Max Speed: 0.28 M/s, Avg Speed: 0.27 M/s, Max Resolution: 720x576
Category: 🌽其他城市频道, Name: 珲春新闻综合, Total: 1, Valid: 1, Valid Percent: 100.00%, IPv4: 1, IPv6: 0, Min Delay: 1455 ms, Max Speed: 0.18 M/s, Avg Speed: 0.18 M/s, Max Resolution: 720x576
Category: 🌽其他城市频道, Name: 德惠综合, Total: 1, Valid: 1, Valid Percent: 100.00%, IPv4: 1, IPv6: 0, Min Delay: 3121 ms, Max Speed: 0.15 M/s, Avg Speed: 0.15 M/s, Max Resolution: 720x576
Category: 🌽其他城市频道, Name: 桦甸综合, Total: 1, Valid: 1, Valid Percent: 100.00%, IPv4: 1, IPv6: 0, Min Delay: 2278 ms, Max Speed: 0.17 M/s, Avg Speed: 0.17 M/s, Max Resolution: 720x576
Category: 🌽其他城市频道, Name: 磐石综合, Total: 1, Valid: 1, Valid Percent: 100.00%, IPv4: 1, IPv6: 0, Min Delay: 3030 ms, Max Speed: 0.23 M/s, Avg Speed: 0.23 M/s, Max Resolution: 720x576
Category: 🌽其他城市频道, Name: 龙井综合, Total: 1, Valid: 1, Valid Percent: 100.00%, IPv4: 1, IPv6: 0, Min Delay: 1887 ms, Max Speed: 0.16 M/s, Avg Speed: 0.16 M/s, Max Resolution: 720x576
Category: 🌽其他城市频道, Name: 舒兰新闻综合, Total: 1, Valid: 1, Valid Percent: 100.00%, IPv4: 1, IPv6: 0, Min Delay: 3451 ms, Max Speed: 0.15 M/s, Avg Speed: 0.15 M/s, Max Resolution: 720x576
Category: 🌽其他城市频道, Name: 双辽综合, Total: 2, Valid: 2, Valid Percent: 100.00%, IPv4: 2, IPv6: 0, Min Delay: 966 ms, Max Speed: 0.09 M/s, Avg Speed: 0.08 M/s, Max Resolution: 320x240
Category: 🌽其他城市频道, Name: 界化县综合, Total: 1, Valid: 1, Valid Percent: 100.00%, IPv4: 1, IPv6: 0, Min Delay: 936 ms, Max Speed: 0.09 M/s, Avg Speed: 0.09 M/s, Max Resolution: 320x240
Category: 🌽其他城市频道, Name: 汪清综合, Total: 2, Valid: 2, Valid Percent: 100.00%, IPv4: 2, IPv6: 0, Min Delay: 851 ms, Max Speed: 0.10 M/s, Avg Speed: 0.08 M/s, Max Resolution: 320x240
Category: 🌽其他城市频道, Name: 柳河综合, Total: 2, Valid: 2, Valid Percent: 100.00%, IPv4: 2, IPv6: 0, Min Delay: 1595 ms, Max Speed: 0.22 M/s, Avg Speed: 0.20 M/s, Max Resolution: 720x576
Category: 🌽其他城市频道, Name: 江源综合, Total: 1, Valid: 1, Valid Percent: 100.00%, IPv4: 1, IPv6: 0, Min Delay: 2101 ms, Max Speed: 0.18 M/s, Avg Speed: 0.18 M/s, Max Resolution: 720x576
Category: 🌽其他城市频道, Name: 东丰综合, Total: 1, Valid: 1, Valid Percent: 100.00%, IPv4: 1, IPv6: 0, Min Delay: 3099 ms, Max Speed: 0.26 M/s, Avg Speed: 0.26 M/s, Max Resolution: 720x576
Category: 🌽其他城市频道, Name: 靖宇综合, Total: 1, Valid: 1, Valid Percent: 100.00%, IPv4: 1, IPv6: 0, Min Delay: 2105 ms, Max Speed: 0.16 M/s, Avg Speed: 0.16 M/s, Max Resolution: 720x576
Category: 🌽其他城市频道, Name: 双阳综合, Total: 1, Valid: 1, Valid Percent: 100.00%, IPv4: 1, IPv6: 0, Min Delay: 1974 ms, Max Speed: 0.13 M/s, Avg Speed: 0.13 M/s, Max Resolution: 720x576
Category: 🌽其他城市频道, Name: 吉林磐石综合, Total: 1, Valid: 1, Valid Percent: 100.00%, IPv4: 1, IPv6: 0, Min Delay: 2266 ms, Max Speed: 0.24 M/s, Avg Speed: 0.24 M/s, Max Resolution: 720x576
Category: 🌽其他城市频道, Name: 永吉综合频道, Total: 1, Valid: 1, Valid Percent: 100.00%, IPv4: 1, IPv6: 0, Min Delay: 5267 ms, Max Speed: 0.10 M/s, Avg Speed: 0.10 M/s, Max Resolution: 720x576
Category: 🌽其他城市频道, Name: 通化县综合, Total: 1, Valid: 1, Valid Percent: 100.00%, IPv4: 1, IPv6: 0, Min Delay: 1531 ms, Max Speed: 0.07 M/s, Avg Speed: 0.07 M/s, Max Resolution: 320x240
Category: 🌽其他城市频道, Name: 辉南新闻综合, Total: 2, Valid: 2, Valid Percent: 100.00%, IPv4: 2, IPv6: 0, Min Delay: 1277 ms, Max Speed: 0.16 M/s, Avg Speed: 0.15 M/s, Max Resolution: 720x576
Category: 🌽其他城市频道, Name: 吉林东丰综合, Total: 1, Valid: 1, Valid Percent: 100.00%, IPv4: 1, IPv6: 0, Min Delay: 2011 ms, Max Speed: 0.32 M/s, Avg Speed: 0.32 M/s, Max Resolution: 720x576
Category: 🌽其他城市频道, Name: 吉林公主岭综合, Total: 1, Valid: 1, Valid Percent: 100.00%, IPv4: 1, IPv6: 0, Min Delay: 3178 ms, Max Speed: 0.53 M/s, Avg Speed: 0.53 M/s, Max Resolution: 720x576
Category: 🌽其他城市频道, Name: 延边-2, Total: 1, Valid: 1, Valid Percent: 100.00%, IPv4: 1, IPv6: 0, Min Delay: 2926 ms, Max Speed: 0.05 M/s, Avg Speed: 0.05 M/s, Max Resolution: 320x240
Category: 🌽其他城市频道, Name: 吉林辉南综合, Total: 1, Valid: 1, Valid Percent: 100.00%, IPv4: 1, IPv6: 0, Min Delay: 2106 ms, Max Speed: 0.13 M/s, Avg Speed: 0.13 M/s, Max Resolution: 720x576
Category: 🌽其他城市频道, Name: 东辽综合, Total: 1, Valid: 1, Valid Percent: 100.00%, IPv4: 1, IPv6: 0, Min Delay: 2985 ms, Max Speed: 0.07 M/s, Avg Speed: 0.07 M/s, Max Resolution: 720x576
Category: 🌽其他城市频道, Name: 吉林东辽综合, Total: 1, Valid: 1, Valid Percent: 100.00%, IPv4: 1, IPv6: 0, Min Delay: 4442 ms, Max Speed: 0.13 M/s, Avg Speed: 0.13 M/s, Max Resolution: 720x576
Category: 🌽其他城市频道, Name: 浙江国际, Total: 1, Valid: 1, Valid Percent: 100.00%, IPv4: 1, IPv6: 0, Min Delay: 1712 ms, Max Speed: 0.32 M/s, Avg Speed: 0.32 M/s, Max Resolution: 1920x1080
Category: 🌽其他城市频道, Name: 通化通化县综合, Total: 1, Valid: 1, Valid Percent: 100.00%, IPv4: 1, IPv6: 0, Min Delay: 1555 ms, Max Speed: 0.08 M/s, Avg Speed: 0.08 M/s, Max Resolution: 320x240
Category: 🌽其他城市频道, Name: 浙江公共新闻, Total: 2, Valid: 2, Valid Percent: 100.00%, IPv4: 2, IPv6: 0, Min Delay: 1053 ms, Max Speed: 0.32 M/s, Avg Speed: 0.26 M/s, Max Resolution: 1920x1080
Category: 🌽其他城市频道, Name: 通化柳河综合, Total: 1, Valid: 1, Valid Percent: 100.00%, IPv4: 1, IPv6: 0, Min Delay: 2128 ms, Max Speed: 0.20 M/s, Avg Speed: 0.20 M/s, Max Resolution: 720x576
Category: 🌽其他城市频道, Name: 浙江教科影视, Total: 2, Valid: 2, Valid Percent: 100.00%, IPv4: 2, IPv6: 0, Min Delay: 1036 ms, Max Speed: 0.36 M/s, Avg Speed: 0.27 M/s, Max Resolution: 1920x1080
Category: 🌽其他城市频道, Name: 四平双辽综合, Total: 1, Valid: 1, Valid Percent: 100.00%, IPv4: 1, IPv6: 0, Min Delay: 1818 ms, Max Speed: 0.08 M/s, Avg Speed: 0.08 M/s, Max Resolution: 320x240
Category: 🌽其他城市频道, Name: 白城洮南综合, Total: 1, Valid: 1, Valid Percent: 100.00%, IPv4: 1, IPv6: 0, Min Delay: 2235 ms, Max Speed: 0.38 M/s, Avg Speed: 0.38 M/s, Max Resolution: 720x576
Category: 🌽其他城市频道, Name: 之江纪录, Total: 1, Valid: 1, Valid Percent: 100.00%, IPv4: 1, IPv6: 0, Min Delay: 1980 ms, Max Speed: 0.36 M/s, Avg Speed: 0.36 M/s, Max Resolution: 1920x1080
Category: 🌽其他城市频道, Name: 浙江钱江都市, Total: 1, Valid: 1, Valid Percent: 100.00%, IPv4: 1, IPv6: 0, Min Delay: 1670 ms, Max Speed: 0.38 M/s, Avg Speed: 0.38 M/s, Max Resolution: 1920x1080
Category: 🌽其他城市频道, Name: 浙江经视, Total: 1, Valid: 1, Valid Percent: 100.00%, IPv4: 1, IPv6: 0, Min Delay: 1880 ms, Max Speed: 0.42 M/s, Avg Speed: 0.42 M/s, Max Resolution: 1920x1080
Category: 🌽其他城市频道, Name: 浙江民生休闲, Total: 5, Valid: 5, Valid Percent: 100.00%, IPv4: 5, IPv6: 0, Min Delay: 527 ms, Max Speed: 0.81 M/s, Avg Speed: 0.41 M/s, Max Resolution: 1920x1080
Category: 🌽其他城市频道, Name: 浙江钱江频道, Total: 3, Valid: 3, Valid Percent: 100.00%, IPv4: 3, IPv6: 0, Min Delay: 562 ms, Max Speed: 0.80 M/s, Avg Speed: 0.51 M/s, Max Resolution: 1920x1080
Category: 🌽其他城市频道, Name: 浙江经济生活, Total: 3, Valid: 3, Valid Percent: 100.00%, IPv4: 3, IPv6: 0, Min Delay: 486 ms, Max Speed: 0.79 M/s, Avg Speed: 0.42 M/s, Max Resolution: 1920x1080
